Java HotSpot(TM) 64-Bit Server VM (25.172-b11) for windows-amd64 JRE (1.8.0_172-b11), built on Mar 28 2018 21:21:52 by "java_re" with MS VC++ 10.0 (VS2010)
Memory: 4k page, physical 16617500k(8410416k free), swap 23957532k(5739528k free)
CommandLine flags: -XX:InitialHeapSize=20971520 -XX:MaxHeapSize=20971520 -XX:+PrintGC -XX:+PrintGCDetails -XX:+PrintGCTimeStamps -XX:+UseCompressedClassPointers -XX:+UseCompressedOops -XX:-UseLargePagesIndividualAllocation -XX:+UseParallelGC 
0.269: [GC (Allocation Failure) [PSYoungGen: 5632K->504K(6144K)] 5632K->1576K(19968K), 0.0066890 secs] [Times: user=0.00 sys=0.00, real=0.01 secs] 
0.292: [GC (Allocation Failure) [PSYoungGen: 831K->496K(6144K)] 12144K->11913K(19968K), 0.0007372 secs] [Times: user=0.00 sys=0.00, real=0.00 secs] 
0.292: [GC (Allocation Failure) [PSYoungGen: 496K->440K(6144K)] 11913K->11856K(19968K), 0.0006100 secs] [Times: user=0.00 sys=0.00, real=0.00 secs] 
0.293: [Full GC (Allocation Failure) [PSYoungGen: 440K->0K(6144K)] [ParOldGen: 11416K->11500K(13824K)] 11856K->11500K(19968K), [Metaspace: 4420K->4420K(1056768K)], 0.0139419 secs] [Times: user=0.03 sys=0.02, real=0.01 secs] 
0.307: [GC (Allocation Failure) [PSYoungGen: 0K->0K(6144K)] 11500K->11500K(19968K), 0.0005391 secs] [Times: user=0.00 sys=0.00, real=0.00 secs] 
0.308: [Full GC (Allocation Failure) [PSYoungGen: 0K->0K(6144K)] [ParOldGen: 11500K->1204K(13824K)] 11500K->1204K(19968K), [Metaspace: 4420K->4413K(1056768K)], 0.0082226 secs] [Times: user=0.13 sys=0.00, real=0.01 secs] 
0.317: [GC (Allocation Failure) [PSYoungGen: 109K->32K(6144K)] 11554K->11476K(19968K), 0.0002855 secs] [Times: user=0.00 sys=0.00, real=0.00 secs] 
0.317: [GC (Allocation Failure) [PSYoungGen: 32K->64K(3072K)] 11476K->11508K(16896K), 0.0002949 secs] [Times: user=0.00 sys=0.00, real=0.00 secs] 
0.317: [Full GC (Allocation Failure) [PSYoungGen: 64K->0K(3072K)] [ParOldGen: 11444K->11437K(13824K)] 11508K->11437K(16896K), [Metaspace: 4416K->4416K(1056768K)], 0.0103485 secs] [Times: user=0.13 sys=0.00, real=0.01 secs] 
0.328: [GC (Allocation Failure) [PSYoungGen: 0K->0K(4608K)] 11437K->11437K(18432K), 0.0003627 secs] [Times: user=0.00 sys=0.00, real=0.00 secs] 
0.328: [Full GC (Allocation Failure) [PSYoungGen: 0K->0K(4608K)] [ParOldGen: 11437K->1197K(13824K)] 11437K->1197K(18432K), [Metaspace: 4416K->4416K(1056768K)], 0.0032768 secs] [Times: user=0.00 sys=0.00, real=0.00 secs] 
0.332: [GC (Allocation Failure) [PSYoungGen: 100K->64K(4608K)] 11538K->11501K(18432K), 0.0002909 secs] [Times: user=0.00 sys=0.00, real=0.00 secs] 
0.332: [GC (Allocation Failure) [PSYoungGen: 64K->64K(4608K)] 11501K->11501K(18432K), 0.0003434 secs] [Times: user=0.00 sys=0.00, real=0.00 secs] 
0.333: [Full GC (Allocation Failure) [PSYoungGen: 64K->0K(4608K)] [ParOldGen: 11437K->11423K(13824K)] 11501K->11423K(18432K), [Metaspace: 4417K->4417K(1056768K)], 0.0115417 secs] [Times: user=0.14 sys=0.00, real=0.01 secs] 
0.344: [GC (Allocation Failure) [PSYoungGen: 0K->0K(5120K)] 11423K->11423K(18944K), 0.0003072 secs] [Times: user=0.00 sys=0.00, real=0.00 secs] 
0.345: [Full GC (Allocation Failure) [PSYoungGen: 0K->0K(5120K)] [ParOldGen: 11423K->1183K(13824K)] 11423K->1183K(18944K), [Metaspace: 4417K->4417K(1056768K)], 0.0026113 secs] [Times: user=0.00 sys=0.00, real=0.00 secs] 
0.348: [GC (Allocation Failure) [PSYoungGen: 69K->64K(5120K)] 11493K->11487K(18944K), 0.0004468 secs] [Times: user=0.00 sys=0.00, real=0.00 secs] 
0.349: [GC (Allocation Failure) [PSYoungGen: 64K->32K(5120K)] 11487K->11455K(18944K), 0.0002812 secs] [Times: user=0.00 sys=0.00, real=0.00 secs] 
0.349: [Full GC (Allocation Failure) [PSYoungGen: 32K->0K(5120K)] [ParOldGen: 11423K->11423K(13824K)] 11455K->11423K(18944K), [Metaspace: 4417K->4417K(1056768K)], 0.0039579 secs] [Times: user=0.00 sys=0.00, real=0.00 secs] 
0.353: [GC (Allocation Failure) [PSYoungGen: 0K->0K(5120K)] 11423K->11423K(18944K), 0.0002451 secs] [Times: user=0.00 sys=0.00, real=0.00 secs] 
0.353: [Full GC (Allocation Failure) [PSYoungGen: 0K->0K(5120K)] [ParOldGen: 11423K->1183K(13824K)] 11423K->1183K(18944K), [Metaspace: 4417K->4417K(1056768K)], 0.0027041 secs] [Times: user=0.00 sys=0.00, real=0.00 secs] 
0.357: [GC (Allocation Failure) [PSYoungGen: 69K->64K(5120K)] 11493K->11487K(18944K), 0.0003098 secs] [Times: user=0.00 sys=0.00, real=0.00 secs] 
0.357: [GC (Allocation Failure) [PSYoungGen: 64K->64K(5120K)] 11487K->11487K(18944K), 0.0002311 secs] [Times: user=0.00 sys=0.00, real=0.00 secs] 
0.357: [Full GC (Allocation Failure) [PSYoungGen: 64K->0K(5120K)] [ParOldGen: 11423K->11423K(13824K)] 11487K->11423K(18944K), [Metaspace: 4417K->4417K(1056768K)], 0.0034094 secs] [Times: user=0.02 sys=0.00, real=0.00 secs] 
0.361: [GC (Allocation Failure) [PSYoungGen: 0K->0K(5632K)] 11423K->11423K(19456K), 0.0002394 secs] [Times: user=0.00 sys=0.00, real=0.00 secs] 
0.361: [Full GC (Allocation Failure) [PSYoungGen: 0K->0K(5632K)] [ParOldGen: 11423K->1183K(13824K)] 11423K->1183K(19456K), [Metaspace: 4417K->4417K(1056768K)], 0.0023089 secs] [Times: user=0.00 sys=0.00, real=0.00 secs] 
0.364: [GC (Allocation Failure) [PSYoungGen: 79K->64K(5120K)] 11503K->11487K(18944K), 0.0002590 secs] [Times: user=0.00 sys=0.00, real=0.00 secs] 
0.364: [GC (Allocation Failure) [PSYoungGen: 64K->64K(5632K)] 11487K->11487K(19456K), 0.0002346 secs] [Times: user=0.00 sys=0.00, real=0.00 secs] 
0.365: [Full GC (Allocation Failure) [PSYoungGen: 64K->0K(5632K)] [ParOldGen: 11423K->11423K(13824K)] 11487K->11423K(19456K), [Metaspace: 4417K->4417K(1056768K)], 0.0034384 secs] [Times: user=0.00 sys=0.00, real=0.00 secs] 
0.368: [GC (Allocation Failure) [PSYoungGen: 0K->0K(5632K)] 11423K->11423K(19456K), 0.0002708 secs] [Times: user=0.00 sys=0.00, real=0.00 secs] 
0.368: [Full GC (Allocation Failure) [PSYoungGen: 0K->0K(5632K)] [ParOldGen: 11423K->1183K(13824K)] 11423K->1183K(19456K), [Metaspace: 4417K->4417K(1056768K)], 0.0023444 secs] [Times: user=0.00 sys=0.00, real=0.00 secs] 
0.371: [GC (Allocation Failure) [PSYoungGen: 89K->64K(5632K)] 11513K->11487K(19456K), 0.0002031 secs] [Times: user=0.00 sys=0.00, real=0.00 secs] 
0.372: [GC (Allocation Failure) [PSYoungGen: 64K->64K(5632K)] 11487K->11487K(19456K), 0.0002570 secs] [Times: user=0.00 sys=0.00, real=0.00 secs] 
0.372: [Full GC (Allocation Failure) [PSYoungGen: 64K->0K(5632K)] [ParOldGen: 11423K->11423K(13824K)] 11487K->11423K(19456K), [Metaspace: 4418K->4418K(1056768K)], 0.0034671 secs] [Times: user=0.01 sys=0.00, real=0.00 secs] 
0.375: [GC (Allocation Failure) [PSYoungGen: 0K->0K(5632K)] 11423K->11423K(19456K), 0.0002323 secs] [Times: user=0.00 sys=0.00, real=0.00 secs] 
0.376: [Full GC (Allocation Failure) [PSYoungGen: 0K->0K(5632K)] [ParOldGen: 11423K->1183K(13824K)] 11423K->1183K(19456K), [Metaspace: 4418K->4418K(1056768K)], 0.0022988 secs] [Times: user=0.00 sys=0.00, real=0.00 secs] 
0.379: [GC (Allocation Failure) [PSYoungGen: 89K->64K(5632K)] 11513K->11487K(19456K), 0.0002536 secs] [Times: user=0.00 sys=0.00, real=0.00 secs] 
0.379: [GC (Allocation Failure) [PSYoungGen: 64K->64K(5632K)] 11487K->11487K(19456K), 0.0002439 secs] [Times: user=0.00 sys=0.00, real=0.00 secs] 
0.379: [Full GC (Allocation Failure) [PSYoungGen: 64K->0K(5632K)] [ParOldGen: 11423K->11423K(13824K)] 11487K->11423K(19456K), [Metaspace: 4418K->4418K(1056768K)], 0.0032714 secs] [Times: user=0.00 sys=0.00, real=0.00 secs] 
0.383: [GC (Allocation Failure) [PSYoungGen: 0K->0K(5632K)] 11423K->11423K(19456K), 0.0002558 secs] [Times: user=0.00 sys=0.00, real=0.00 secs] 
0.383: [Full GC (Allocation Failure) [PSYoungGen: 0K->0K(5632K)] [ParOldGen: 11423K->1183K(13824K)] 11423K->1183K(19456K), [Metaspace: 4418K->4418K(1056768K)], 0.0023562 secs] [Times: user=0.00 sys=0.00, real=0.00 secs] 
0.386: [GC (Allocation Failure) [PSYoungGen: 89K->64K(5632K)] 11513K->11487K(19456K), 0.0003221 secs] [Times: user=0.00 sys=0.00, real=0.00 secs] 
0.386: [GC (Allocation Failure) [PSYoungGen: 64K->64K(5632K)] 11487K->11487K(19456K), 0.0003414 secs] [Times: user=0.00 sys=0.00, real=0.00 secs] 
0.387: [Full GC (Allocation Failure) [PSYoungGen: 64K->0K(5632K)] [ParOldGen: 11423K->11423K(13824K)] 11487K->11423K(19456K), [Metaspace: 4418K->4418K(1056768K)], 0.0035716 secs] [Times: user=0.16 sys=0.00, real=0.00 secs] 
0.390: [GC (Allocation Failure) [PSYoungGen: 0K->0K(6144K)] 11423K->11423K(19968K), 0.0002476 secs] [Times: user=0.00 sys=0.00, real=0.00 secs] 
0.391: [Full GC (Allocation Failure) [PSYoungGen: 0K->0K(6144K)] [ParOldGen: 11423K->1183K(13824K)] 11423K->1183K(19968K), [Metaspace: 4418K->4418K(1056768K)], 0.0025301 secs] [Times: user=0.00 sys=0.00, real=0.00 secs] 
0.394: [GC (Allocation Failure) [PSYoungGen: 109K->32K(6144K)] 11533K->11455K(19968K), 0.0002112 secs] [Times: user=0.00 sys=0.00, real=0.00 secs] 
0.394: [GC (Allocation Failure) [PSYoungGen: 32K->32K(6144K)] 11455K->11455K(19968K), 0.0001820 secs] [Times: user=0.00 sys=0.00, real=0.00 secs] 
0.394: [Full GC (Allocation Failure) [PSYoungGen: 32K->0K(6144K)] [ParOldGen: 11423K->11423K(13824K)] 11455K->11423K(19968K), [Metaspace: 4418K->4418K(1056768K)], 0.0033583 secs] [Times: user=0.00 sys=0.00, real=0.00 secs] 
0.398: [GC (Allocation Failure) [PSYoungGen: 0K->0K(6144K)] 11423K->11423K(19968K), 0.0001784 secs] [Times: user=0.00 sys=0.00, real=0.00 secs] 
0.398: [Full GC (Allocation Failure) [PSYoungGen: 0K->0K(6144K)] [ParOldGen: 11423K->1183K(13824K)] 11423K->1183K(19968K), [Metaspace: 4418K->4418K(1056768K)], 0.0022894 secs] [Times: user=0.00 sys=0.00, real=0.00 secs] 
0.401: [GC (Allocation Failure) [PSYoungGen: 109K->64K(6144K)] 11533K->11487K(19968K), 0.0002179 secs] [Times: user=0.00 sys=0.00, real=0.00 secs] 
0.401: [GC (Allocation Failure) [PSYoungGen: 64K->64K(6144K)] 11487K->11487K(19968K), 0.0002409 secs] [Times: user=0.00 sys=0.00, real=0.00 secs] 
0.401: [Full GC (Allocation Failure) [PSYoungGen: 64K->0K(6144K)] [ParOldGen: 11423K->11423K(13824K)] 11487K->11423K(19968K), [Metaspace: 4418K->4418K(1056768K)], 0.0031800 secs] [Times: user=0.00 sys=0.00, real=0.00 secs] 
0.405: [GC (Allocation Failure) [PSYoungGen: 0K->0K(6144K)] 11423K->11423K(19968K), 0.0002785 secs] [Times: user=0.00 sys=0.00, real=0.00 secs] 
0.405: [Full GC (Allocation Failure) [PSYoungGen: 0K->0K(6144K)] [ParOldGen: 11423K->1183K(13824K)] 11423K->1183K(19968K), [Metaspace: 4418K->4418K(1056768K)], 0.0021819 secs] [Times: user=0.02 sys=0.00, real=0.00 secs] 
0.408: [GC (Allocation Failure) [PSYoungGen: 109K->64K(6144K)] 11533K->11487K(19968K), 0.0002537 secs] [Times: user=0.00 sys=0.00, real=0.00 secs] 
0.408: [GC (Allocation Failure) [PSYoungGen: 64K->32K(6144K)] 11487K->11455K(19968K), 0.0002381 secs] [Times: user=0.00 sys=0.00, real=0.00 secs] 
0.408: [Full GC (Allocation Failure) [PSYoungGen: 32K->0K(6144K)] [ParOldGen: 11423K->11423K(13824K)] 11455K->11423K(19968K), [Metaspace: 4418K->4418K(1056768K)], 0.0031685 secs] [Times: user=0.00 sys=0.00, real=0.00 secs] 
0.411: [GC (Allocation Failure) [PSYoungGen: 0K->0K(6144K)] 11423K->11423K(19968K), 0.0002404 secs] [Times: user=0.00 sys=0.00, real=0.00 secs] 
0.412: [Full GC (Allocation Failure) [PSYoungGen: 0K->0K(6144K)] [ParOldGen: 11423K->1183K(13824K)] 11423K->1183K(19968K), [Metaspace: 4418K->4418K(1056768K)], 0.0023245 secs] [Times: user=0.00 sys=0.00, real=0.00 secs] 
0.415: [GC (Allocation Failure) [PSYoungGen: 109K->64K(6144K)] 11533K->11487K(19968K), 0.0002402 secs] [Times: user=0.00 sys=0.00, real=0.00 secs] 
0.415: [GC (Allocation Failure) [PSYoungGen: 64K->32K(6144K)] 11487K->11455K(19968K), 0.0002287 secs] [Times: user=0.00 sys=0.00, real=0.00 secs] 
0.415: [Full GC (Allocation Failure) [PSYoungGen: 32K->0K(6144K)] [ParOldGen: 11423K->11423K(13824K)] 11455K->11423K(19968K), [Metaspace: 4418K->4418K(1056768K)], 0.0029861 secs] [Times: user=0.00 sys=0.00, real=0.00 secs] 
0.418: [GC (Allocation Failure) [PSYoungGen: 0K->0K(6144K)] 11423K->11423K(19968K), 0.0001738 secs] [Times: user=0.00 sys=0.00, real=0.00 secs] 
0.418: [Full GC (Allocation Failure) [PSYoungGen: 0K->0K(6144K)] [ParOldGen: 11423K->1183K(13824K)] 11423K->1183K(19968K), [Metaspace: 4418K->4418K(1056768K)], 0.0021731 secs] [Times: user=0.00 sys=0.02, real=0.00 secs] 
0.421: [GC (Allocation Failure) [PSYoungGen: 109K->64K(6144K)] 11533K->11487K(19968K), 0.0001709 secs] [Times: user=0.00 sys=0.00, real=0.00 secs] 
0.421: [GC (Allocation Failure) [PSYoungGen: 64K->64K(6144K)] 11487K->11487K(19968K), 0.0001794 secs] [Times: user=0.00 sys=0.00, real=0.00 secs] 
0.421: [Full GC (Allocation Failure) [PSYoungGen: 64K->0K(6144K)] [ParOldGen: 11423K->11423K(13824K)] 11487K->11423K(19968K), [Metaspace: 4418K->4418K(1056768K)], 0.0028627 secs] [Times: user=0.00 sys=0.00, real=0.00 secs] 
0.424: [GC (Allocation Failure) [PSYoungGen: 0K->0K(6144K)] 11423K->11423K(19968K), 0.0001785 secs] [Times: user=0.00 sys=0.00, real=0.00 secs] 
0.425: [Full GC (Allocation Failure) [PSYoungGen: 0K->0K(6144K)] [ParOldGen: 11423K->1183K(13824K)] 11423K->1183K(19968K), [Metaspace: 4418K->4418K(1056768K)], 0.0021010 secs] [Times: user=0.00 sys=0.00, real=0.00 secs] 
0.427: [GC (Allocation Failure) [PSYoungGen: 109K->64K(6144K)] 11533K->11487K(19968K), 0.0002143 secs] [Times: user=0.00 sys=0.00, real=0.00 secs] 
0.427: [GC (Allocation Failure) [PSYoungGen: 64K->32K(6144K)] 11487K->11455K(19968K), 0.0002048 secs] [Times: user=0.00 sys=0.00, real=0.00 secs] 
0.428: [Full GC (Allocation Failure) [PSYoungGen: 32K->0K(6144K)] [ParOldGen: 11423K->11423K(13824K)] 11455K->11423K(19968K), [Metaspace: 4418K->4418K(1056768K)], 0.0027457 secs] [Times: user=0.00 sys=0.00, real=0.00 secs] 
0.430: [GC (Allocation Failure) [PSYoungGen: 0K->0K(6144K)] 11423K->11423K(19968K), 0.0002288 secs] [Times: user=0.00 sys=0.00, real=0.00 secs] 
0.431: [Full GC (Allocation Failure) [PSYoungGen: 0K->0K(6144K)] [ParOldGen: 11423K->1183K(13824K)] 11423K->1183K(19968K), [Metaspace: 4418K->4418K(1056768K)], 0.0019454 secs] [Times: user=0.00 sys=0.00, real=0.00 secs] 
0.433: [GC (Allocation Failure) [PSYoungGen: 109K->32K(6144K)] 11533K->11455K(19968K), 0.0002256 secs] [Times: user=0.00 sys=0.00, real=0.00 secs] 
0.433: [GC (Allocation Failure) [PSYoungGen: 32K->64K(6144K)] 11455K->11487K(19968K), 0.0002385 secs] [Times: user=0.00 sys=0.00, real=0.00 secs] 
0.434: [Full GC (Allocation Failure) [PSYoungGen: 64K->0K(6144K)] [ParOldGen: 11423K->11423K(13824K)] 11487K->11423K(19968K), [Metaspace: 4418K->4418K(1056768K)], 0.0028563 secs] [Times: user=0.16 sys=0.00, real=0.00 secs] 
0.437: [GC (Allocation Failure) [PSYoungGen: 0K->0K(6144K)] 11423K->11423K(19968K), 0.0002150 secs] [Times: user=0.00 sys=0.00, real=0.00 secs] 
0.437: [Full GC (Allocation Failure) [PSYoungGen: 0K->0K(6144K)] [ParOldGen: 11423K->1183K(13824K)] 11423K->1183K(19968K), [Metaspace: 4418K->4418K(1056768K)], 0.0019213 secs] [Times: user=0.00 sys=0.00, real=0.00 secs] 
0.439: [GC (Allocation Failure) [PSYoungGen: 109K->32K(6144K)] 11533K->11455K(19968K), 0.0002307 secs] [Times: user=0.00 sys=0.00, real=0.00 secs] 
0.440: [GC (Allocation Failure) [PSYoungGen: 32K->64K(6144K)] 11455K->11487K(19968K), 0.0001582 secs] [Times: user=0.00 sys=0.00, real=0.00 secs] 
0.440: [Full GC (Allocation Failure) [PSYoungGen: 64K->0K(6144K)] [ParOldGen: 11423K->11423K(13824K)] 11487K->11423K(19968K), [Metaspace: 4418K->4418K(1056768K)], 0.0028203 secs] [Times: user=0.00 sys=0.00, real=0.00 secs] 
0.443: [GC (Allocation Failure) [PSYoungGen: 0K->0K(6144K)] 11423K->11423K(19968K), 0.0002113 secs] [Times: user=0.00 sys=0.00, real=0.00 secs] 
0.443: [Full GC (Allocation Failure) [PSYoungGen: 0K->0K(6144K)] [ParOldGen: 11423K->1183K(13824K)] 11423K->1183K(19968K), [Metaspace: 4418K->4418K(1056768K)], 0.0020184 secs] [Times: user=0.00 sys=0.00, real=0.00 secs] 
0.445: [GC (Allocation Failure) [PSYoungGen: 109K->32K(6144K)] 11533K->11455K(19968K), 0.0001759 secs] [Times: user=0.00 sys=0.00, real=0.00 secs] 
0.446: [GC (Allocation Failure) [PSYoungGen: 32K->64K(6144K)] 11455K->11487K(19968K), 0.0002161 secs] [Times: user=0.00 sys=0.00, real=0.00 secs] 
0.446: [Full GC (Allocation Failure) [PSYoungGen: 64K->0K(6144K)] [ParOldGen: 11423K->11423K(13824K)] 11487K->11423K(19968K), [Metaspace: 4418K->4418K(1056768K)], 0.0028315 secs] [Times: user=0.00 sys=0.00, real=0.00 secs] 
0.449: [GC (Allocation Failure) [PSYoungGen: 0K->0K(6144K)] 11423K->11423K(19968K), 0.0002014 secs] [Times: user=0.00 sys=0.00, real=0.00 secs] 
0.449: [Full GC (Allocation Failure) [PSYoungGen: 0K->0K(6144K)] [ParOldGen: 11423K->1183K(13824K)] 11423K->1183K(19968K), [Metaspace: 4418K->4418K(1056768K)], 0.0019132 secs] [Times: user=0.00 sys=0.00, real=0.00 secs] 
0.451: [GC (Allocation Failure) [PSYoungGen: 109K->64K(6144K)] 11533K->11487K(19968K), 0.0002097 secs] [Times: user=0.00 sys=0.00, real=0.00 secs] 
0.452: [GC (Allocation Failure) [PSYoungGen: 64K->64K(6144K)] 11487K->11487K(19968K), 0.0001712 secs] [Times: user=0.00 sys=0.00, real=0.00 secs] 
0.452: [Full GC (Allocation Failure) [PSYoungGen: 64K->0K(6144K)] [ParOldGen: 11423K->11423K(13824K)] 11487K->11423K(19968K), [Metaspace: 4419K->4419K(1056768K)], 0.0028492 secs] [Times: user=0.16 sys=0.00, real=0.00 secs] 
0.455: [GC (Allocation Failure) [PSYoungGen: 0K->0K(6144K)] 11423K->11423K(19968K), 0.0001831 secs] [Times: user=0.00 sys=0.00, real=0.00 secs] 
0.455: [Full GC (Allocation Failure) [PSYoungGen: 0K->0K(6144K)] [ParOldGen: 11423K->1183K(13824K)] 11423K->1183K(19968K), [Metaspace: 4419K->4419K(1056768K)], 0.0020203 secs] [Times: user=0.00 sys=0.00, real=0.00 secs] 
0.458: [GC (Allocation Failure) [PSYoungGen: 109K->64K(6144K)] 11533K->11487K(19968K), 0.0002101 secs] [Times: user=0.00 sys=0.00, real=0.00 secs] 
0.458: [GC (Allocation Failure) [PSYoungGen: 64K->64K(6144K)] 11487K->11487K(19968K), 0.0002235 secs] [Times: user=0.00 sys=0.00, real=0.00 secs] 
0.458: [Full GC (Allocation Failure) [PSYoungGen: 64K->0K(6144K)] [ParOldGen: 11423K->11423K(13824K)] 11487K->11423K(19968K), [Metaspace: 4419K->4419K(1056768K)], 0.0028133 secs] [Times: user=0.00 sys=0.00, real=0.00 secs] 
0.461: [GC (Allocation Failure) [PSYoungGen: 0K->0K(6144K)] 11423K->11423K(19968K), 0.0001976 secs] [Times: user=0.00 sys=0.00, real=0.00 secs] 
0.461: [Full GC (Allocation Failure) [PSYoungGen: 0K->0K(6144K)] [ParOldGen: 11423K->1183K(13824K)] 11423K->1183K(19968K), [Metaspace: 4419K->4419K(1056768K)], 0.0020966 secs] [Times: user=0.00 sys=0.00, real=0.00 secs] 
0.464: [GC (Allocation Failure) [PSYoungGen: 109K->32K(6144K)] 11533K->11455K(19968K), 0.0002098 secs] [Times: user=0.00 sys=0.00, real=0.00 secs] 
0.464: [GC (Allocation Failure) [PSYoungGen: 32K->64K(6144K)] 11455K->11487K(19968K), 0.0002309 secs] [Times: user=0.00 sys=0.00, real=0.00 secs] 
0.465: [Full GC (Allocation Failure) [PSYoungGen: 64K->0K(6144K)] [ParOldGen: 11423K->11423K(13824K)] 11487K->11423K(19968K), [Metaspace: 4419K->4419K(1056768K)], 0.0030633 secs] [Times: user=0.14 sys=0.02, real=0.00 secs] 
0.468: [GC (Allocation Failure) [PSYoungGen: 0K->0K(6144K)] 11423K->11423K(19968K), 0.0002120 secs] [Times: user=0.00 sys=0.00, real=0.00 secs] 
0.468: [Full GC (Allocation Failure) [PSYoungGen: 0K->0K(6144K)] [ParOldGen: 11423K->1183K(13824K)] 11423K->1183K(19968K), [Metaspace: 4419K->4419K(1056768K)], 0.0020358 secs] [Times: user=0.00 sys=0.00, real=0.00 secs] 
0.470: [GC (Allocation Failure) [PSYoungGen: 109K->64K(6144K)] 11533K->11487K(19968K), 0.0002243 secs] [Times: user=0.00 sys=0.00, real=0.00 secs] 
0.471: [GC (Allocation Failure) [PSYoungGen: 64K->64K(6144K)] 11487K->11487K(19968K), 0.0002176 secs] [Times: user=0.00 sys=0.00, real=0.00 secs] 
0.471: [Full GC (Allocation Failure) [PSYoungGen: 64K->0K(6144K)] [ParOldGen: 11423K->11423K(13824K)] 11487K->11423K(19968K), [Metaspace: 4419K->4419K(1056768K)], 0.0029441 secs] [Times: user=0.00 sys=0.00, real=0.00 secs] 
0.474: [GC (Allocation Failure) [PSYoungGen: 0K->0K(6144K)] 11423K->11423K(19968K), 0.0003957 secs] [Times: user=0.00 sys=0.00, real=0.00 secs] 
0.474: [Full GC (Allocation Failure) [PSYoungGen: 0K->0K(6144K)] [ParOldGen: 11423K->1183K(13824K)] 11423K->1183K(19968K), [Metaspace: 4419K->4419K(1056768K)], 0.0021942 secs] [Times: user=0.00 sys=0.00, real=0.00 secs] 
0.477: [GC (Allocation Failure) [PSYoungGen: 109K->64K(6144K)] 11533K->11487K(19968K), 0.0002520 secs] [Times: user=0.00 sys=0.00, real=0.00 secs] 
0.477: [GC (Allocation Failure) [PSYoungGen: 64K->64K(6144K)] 11487K->11487K(19968K), 0.0001927 secs] [Times: user=0.00 sys=0.00, real=0.00 secs] 
0.478: [Full GC (Allocation Failure) [PSYoungGen: 64K->0K(6144K)] [ParOldGen: 11423K->11423K(13824K)] 11487K->11423K(19968K), [Metaspace: 4419K->4419K(1056768K)], 0.0027861 secs] [Times: user=0.00 sys=0.00, real=0.00 secs] 
0.480: [GC (Allocation Failure) [PSYoungGen: 0K->0K(6144K)] 11423K->11423K(19968K), 0.0002251 secs] [Times: user=0.00 sys=0.00, real=0.00 secs] 
0.481: [Full GC (Allocation Failure) [PSYoungGen: 0K->0K(6144K)] [ParOldGen: 11423K->1183K(13824K)] 11423K->1183K(19968K), [Metaspace: 4419K->4419K(1056768K)], 0.0020434 secs] [Times: user=0.00 sys=0.00, real=0.00 secs] 
0.483: [GC (Allocation Failure) [PSYoungGen: 109K->64K(6144K)] 11533K->11487K(19968K), 0.0001664 secs] [Times: user=0.06 sys=0.00, real=0.00 secs] 
0.483: [GC (Allocation Failure) [PSYoungGen: 64K->64K(6144K)] 11487K->11487K(19968K), 0.0002421 secs] [Times: user=0.00 sys=0.00, real=0.00 secs] 
0.484: [Full GC (Allocation Failure) [PSYoungGen: 64K->0K(6144K)] [ParOldGen: 11423K->11423K(13824K)] 11487K->11423K(19968K), [Metaspace: 4419K->4419K(1056768K)], 0.0027232 secs] [Times: user=0.00 sys=0.00, real=0.00 secs] 
0.487: [GC (Allocation Failure) [PSYoungGen: 0K->0K(6144K)] 11423K->11423K(19968K), 0.0002554 secs] [Times: user=0.00 sys=0.00, real=0.00 secs] 
0.487: [Full GC (Allocation Failure) [PSYoungGen: 0K->0K(6144K)] [ParOldGen: 11423K->1183K(13824K)] 11423K->1183K(19968K), [Metaspace: 4419K->4419K(1056768K)], 0.0020962 secs] [Times: user=0.00 sys=0.00, real=0.00 secs] 
0.489: [GC (Allocation Failure) [PSYoungGen: 109K->32K(6144K)] 11533K->11455K(19968K), 0.0003613 secs] [Times: user=0.00 sys=0.00, real=0.00 secs] 
0.490: [GC (Allocation Failure) [PSYoungGen: 32K->64K(6144K)] 11455K->11487K(19968K), 0.0002261 secs] [Times: user=0.00 sys=0.00, real=0.00 secs] 
0.490: [Full GC (Allocation Failure) [PSYoungGen: 64K->0K(6144K)] [ParOldGen: 11423K->11423K(13824K)] 11487K->11423K(19968K), [Metaspace: 4419K->4419K(1056768K)], 0.0029451 secs] [Times: user=0.00 sys=0.00, real=0.00 secs] 
0.493: [GC (Allocation Failure) [PSYoungGen: 0K->0K(6144K)] 11423K->11423K(19968K), 0.0002042 secs] [Times: user=0.00 sys=0.00, real=0.00 secs] 
0.493: [Full GC (Allocation Failure) [PSYoungGen: 0K->0K(6144K)] [ParOldGen: 11423K->1183K(13824K)] 11423K->1183K(19968K), [Metaspace: 4419K->4419K(1056768K)], 0.0021269 secs] [Times: user=0.00 sys=0.00, real=0.00 secs] 
0.496: [GC (Allocation Failure) [PSYoungGen: 109K->64K(6144K)] 11533K->11487K(19968K), 0.0002138 secs] [Times: user=0.00 sys=0.00, real=0.00 secs] 
0.496: [GC (Allocation Failure) [PSYoungGen: 64K->64K(6144K)] 11487K->11487K(19968K), 0.0002126 secs] [Times: user=0.00 sys=0.00, real=0.00 secs] 
0.497: [Full GC (Allocation Failure) [PSYoungGen: 64K->0K(6144K)] [ParOldGen: 11423K->11423K(13824K)] 11487K->11423K(19968K), [Metaspace: 4419K->4419K(1056768K)], 0.0034013 secs] [Times: user=0.16 sys=0.00, real=0.00 secs] 
0.500: [GC (Allocation Failure) [PSYoungGen: 0K->0K(6144K)] 11423K->11423K(19968K), 0.0001813 secs] [Times: user=0.00 sys=0.00, real=0.00 secs] 
0.500: [Full GC (Allocation Failure) [PSYoungGen: 0K->0K(6144K)] [ParOldGen: 11423K->1183K(13824K)] 11423K->1183K(19968K), [Metaspace: 4419K->4419K(1056768K)], 0.0024551 secs] [Times: user=0.00 sys=0.00, real=0.00 secs] 
0.503: [GC (Allocation Failure) [PSYoungGen: 109K->64K(6144K)] 11533K->11487K(19968K), 0.0001917 secs] [Times: user=0.00 sys=0.00, real=0.00 secs] 
0.503: [GC (Allocation Failure) [PSYoungGen: 64K->64K(6144K)] 11487K->11487K(19968K), 0.0002174 secs] [Times: user=0.00 sys=0.00, real=0.00 secs] 
0.504: [Full GC (Allocation Failure) [PSYoungGen: 64K->0K(6144K)] [ParOldGen: 11423K->11423K(13824K)] 11487K->11423K(19968K), [Metaspace: 4420K->4420K(1056768K)], 0.0029869 secs] [Times: user=0.00 sys=0.00, real=0.00 secs] 
0.507: [GC (Allocation Failure) [PSYoungGen: 0K->0K(6144K)] 11423K->11423K(19968K), 0.0001939 secs] [Times: user=0.00 sys=0.00, real=0.00 secs] 
0.507: [Full GC (Allocation Failure) [PSYoungGen: 0K->0K(6144K)] [ParOldGen: 11423K->1183K(13824K)] 11423K->1183K(19968K), [Metaspace: 4420K->4420K(1056768K)], 0.0024065 secs] [Times: user=0.00 sys=0.00, real=0.00 secs] 
0.510: [GC (Allocation Failure) [PSYoungGen: 165K->128K(6144K)] 11589K->11551K(19968K), 0.0002594 secs] [Times: user=0.00 sys=0.00, real=0.00 secs] 
0.511: [GC (Allocation Failure) [PSYoungGen: 128K->96K(6144K)] 11551K->11519K(19968K), 0.0002344 secs] [Times: user=0.00 sys=0.00, real=0.00 secs] 
0.511: [Full GC (Allocation Failure) [PSYoungGen: 96K->0K(6144K)] [ParOldGen: 11423K->11423K(13824K)] 11519K->11423K(19968K), [Metaspace: 4420K->4420K(1056768K)], 0.0031374 secs] [Times: user=0.00 sys=0.00, real=0.00 secs] 
0.514: [GC (Allocation Failure) [PSYoungGen: 0K->0K(6144K)] 11423K->11423K(19968K), 0.0002573 secs] [Times: user=0.00 sys=0.01, real=0.00 secs] 
0.514: [Full GC (Allocation Failure) [PSYoungGen: 0K->0K(6144K)] [ParOldGen: 11423K->1183K(13824K)] 11423K->1183K(19968K), [Metaspace: 4420K->4420K(1056768K)], 0.0022315 secs] [Times: user=0.00 sys=0.00, real=0.00 secs] 
0.517: [GC (Allocation Failure) [PSYoungGen: 109K->64K(6144K)] 11533K->11487K(19968K), 0.0002325 secs] [Times: user=0.00 sys=0.00, real=0.00 secs] 
0.517: [GC (Allocation Failure) [PSYoungGen: 64K->64K(6144K)] 11487K->11487K(19968K), 0.0001825 secs] [Times: user=0.00 sys=0.00, real=0.00 secs] 
0.518: [Full GC (Allocation Failure) [PSYoungGen: 64K->0K(6144K)] [ParOldGen: 11423K->11423K(13824K)] 11487K->11423K(19968K), [Metaspace: 4420K->4420K(1056768K)], 0.0030412 secs] [Times: user=0.00 sys=0.00, real=0.00 secs] 
0.521: [GC (Allocation Failure) [PSYoungGen: 0K->0K(6144K)] 11423K->11423K(19968K), 0.0001977 secs] [Times: user=0.00 sys=0.00, real=0.00 secs] 
0.521: [Full GC (Allocation Failure) [PSYoungGen: 0K->0K(6144K)] [ParOldGen: 11423K->1183K(13824K)] 11423K->1183K(19968K), [Metaspace: 4420K->4420K(1056768K)], 0.0024279 secs] [Times: user=0.00 sys=0.00, real=0.00 secs] 
0.524: [GC (Allocation Failure) [PSYoungGen: 109K->64K(6144K)] 11533K->11487K(19968K), 0.0002275 secs] [Times: user=0.00 sys=0.00, real=0.00 secs] 
0.524: [GC (Allocation Failure) [PSYoungGen: 64K->64K(6144K)] 11487K->11487K(19968K), 0.0001984 secs] [Times: user=0.00 sys=0.00, real=0.00 secs] 
0.524: [Full GC (Allocation Failure) [PSYoungGen: 64K->0K(6144K)] [ParOldGen: 11423K->11423K(13824K)] 11487K->11423K(19968K), [Metaspace: 4420K->4420K(1056768K)], 0.0029934 secs] [Times: user=0.00 sys=0.00, real=0.00 secs] 
0.528: [GC (Allocation Failure) [PSYoungGen: 0K->0K(6144K)] 11423K->11423K(19968K), 0.0002043 secs] [Times: user=0.00 sys=0.00, real=0.00 secs] 
0.528: [Full GC (Allocation Failure) [PSYoungGen: 0K->0K(6144K)] [ParOldGen: 11423K->1183K(13824K)] 11423K->1183K(19968K), [Metaspace: 4420K->4420K(1056768K)], 0.0021172 secs] [Times: user=0.00 sys=0.00, real=0.00 secs] 
0.530: [GC (Allocation Failure) [PSYoungGen: 109K->64K(6144K)] 11533K->11487K(19968K), 0.0002310 secs] [Times: user=0.00 sys=0.00, real=0.00 secs] 
0.531: [GC (Allocation Failure) [PSYoungGen: 64K->64K(6144K)] 11487K->11487K(19968K), 0.0001612 secs] [Times: user=0.00 sys=0.00, real=0.00 secs] 
0.531: [Full GC (Allocation Failure) [PSYoungGen: 64K->0K(6144K)] [ParOldGen: 11423K->11423K(13824K)] 11487K->11423K(19968K), [Metaspace: 4420K->4420K(1056768K)], 0.0032680 secs] [Times: user=0.00 sys=0.00, real=0.00 secs] 
0.534: [GC (Allocation Failure) [PSYoungGen: 0K->0K(6144K)] 11423K->11423K(19968K), 0.0002682 secs] [Times: user=0.00 sys=0.00, real=0.00 secs] 
0.535: [Full GC (Allocation Failure) [PSYoungGen: 0K->0K(6144K)] [ParOldGen: 11423K->1183K(13824K)] 11423K->1183K(19968K), [Metaspace: 4420K->4420K(1056768K)], 0.0023647 secs] [Times: user=0.00 sys=0.00, real=0.00 secs] 
0.538: [GC (Allocation Failure) [PSYoungGen: 109K->64K(6144K)] 11533K->11487K(19968K), 0.0002604 secs] [Times: user=0.00 sys=0.00, real=0.00 secs] 
0.538: [GC (Allocation Failure) [PSYoungGen: 64K->32K(6144K)] 11487K->11455K(19968K), 0.0002075 secs] [Times: user=0.00 sys=0.00, real=0.00 secs] 
0.538: [Full GC (Allocation Failure) [PSYoungGen: 32K->0K(6144K)] [ParOldGen: 11423K->11423K(13824K)] 11455K->11423K(19968K), [Metaspace: 4420K->4420K(1056768K)], 0.0030726 secs] [Times: user=0.00 sys=0.00, real=0.00 secs] 
0.541: [GC (Allocation Failure) [PSYoungGen: 0K->0K(6144K)] 11423K->11423K(19968K), 0.0002145 secs] [Times: user=0.00 sys=0.00, real=0.00 secs] 
0.542: [Full GC (Allocation Failure) [PSYoungGen: 0K->0K(6144K)] [ParOldGen: 11423K->1183K(13824K)] 11423K->1183K(19968K), [Metaspace: 4420K->4420K(1056768K)], 0.0020802 secs] [Times: user=0.00 sys=0.00, real=0.00 secs] 
0.545: [GC (Allocation Failure) [PSYoungGen: 165K->96K(6144K)] 11589K->11527K(19968K), 0.0001979 secs] [Times: user=0.00 sys=0.00, real=0.00 secs] 
0.545: [GC (Allocation Failure) [PSYoungGen: 96K->96K(6144K)] 11527K->11527K(19968K), 0.0003117 secs] [Times: user=0.00 sys=0.00, real=0.00 secs] 
0.545: [Full GC (Allocation Failure) [PSYoungGen: 96K->0K(6144K)] [ParOldGen: 11431K->11424K(13824K)] 11527K->11424K(19968K), [Metaspace: 4421K->4421K(1056768K)], 0.0025380 secs] [Times: user=0.01 sys=0.00, real=0.00 secs] 
0.548: [GC (Allocation Failure) [PSYoungGen: 0K->0K(6144K)] 11424K->11424K(19968K), 0.0001932 secs] [Times: user=0.00 sys=0.00, real=0.00 secs] 
0.548: [Full GC (Allocation Failure) [PSYoungGen: 0K->0K(6144K)] [ParOldGen: 11424K->1183K(13824K)] 11424K->1183K(19968K), [Metaspace: 4421K->4421K(1056768K)], 0.0022359 secs] [Times: user=0.00 sys=0.00, real=0.00 secs] 
0.551: [GC (Allocation Failure) [PSYoungGen: 109K->64K(6144K)] 11533K->11487K(19968K), 0.0002809 secs] [Times: user=0.00 sys=0.00, real=0.00 secs] 
0.551: [GC (Allocation Failure) [PSYoungGen: 64K->64K(6144K)] 11487K->11487K(19968K), 0.0002154 secs] [Times: user=0.00 sys=0.00, real=0.00 secs] 
0.552: [Full GC (Allocation Failure) [PSYoungGen: 64K->0K(6144K)] [ParOldGen: 11423K->11423K(13824K)] 11487K->11423K(19968K), [Metaspace: 4421K->4421K(1056768K)], 0.0031013 secs] [Times: user=0.00 sys=0.00, real=0.00 secs] 
0.555: [GC (Allocation Failure) [PSYoungGen: 0K->0K(6144K)] 11423K->11423K(19968K), 0.0002319 secs] [Times: user=0.00 sys=0.00, real=0.00 secs] 
0.555: [Full GC (Allocation Failure) [PSYoungGen: 0K->0K(6144K)] [ParOldGen: 11423K->1183K(13824K)] 11423K->1183K(19968K), [Metaspace: 4421K->4421K(1056768K)], 0.0023344 secs] [Times: user=0.00 sys=0.00, real=0.00 secs] 
0.558: [GC (Allocation Failure) [PSYoungGen: 109K->64K(6144K)] 11533K->11487K(19968K), 0.0002468 secs] [Times: user=0.00 sys=0.00, real=0.00 secs] 
0.559: [GC (Allocation Failure) [PSYoungGen: 64K->32K(6144K)] 11487K->11455K(19968K), 0.0002473 secs] [Times: user=0.00 sys=0.00, real=0.00 secs] 
0.559: [Full GC (Allocation Failure) [PSYoungGen: 32K->0K(6144K)] [ParOldGen: 11423K->11423K(13824K)] 11455K->11423K(19968K), [Metaspace: 4421K->4421K(1056768K)], 0.0030475 secs] [Times: user=0.16 sys=0.00, real=0.00 secs] 
0.562: [GC (Allocation Failure) [PSYoungGen: 0K->0K(6144K)] 11423K->11423K(19968K), 0.0002367 secs] [Times: user=0.00 sys=0.00, real=0.00 secs] 
0.562: [Full GC (Allocation Failure) [PSYoungGen: 0K->0K(6144K)] [ParOldGen: 11423K->1183K(13824K)] 11423K->1183K(19968K), [Metaspace: 4421K->4421K(1056768K)], 0.0021467 secs] [Times: user=0.00 sys=0.00, real=0.00 secs] 
0.565: [GC (Allocation Failure) [PSYoungGen: 109K->64K(6144K)] 11533K->11487K(19968K), 0.0002287 secs] [Times: user=0.00 sys=0.00, real=0.00 secs] 
0.565: [GC (Allocation Failure) [PSYoungGen: 64K->64K(6144K)] 11487K->11487K(19968K), 0.0002337 secs] [Times: user=0.00 sys=0.00, real=0.00 secs] 
0.566: [Full GC (Allocation Failure) [PSYoungGen: 64K->0K(6144K)] [ParOldGen: 11423K->11423K(13824K)] 11487K->11423K(19968K), [Metaspace: 4421K->4421K(1056768K)], 0.0031096 secs] [Times: user=0.00 sys=0.00, real=0.00 secs] 
0.569: [GC (Allocation Failure) [PSYoungGen: 0K->0K(6144K)] 11423K->11423K(19968K), 0.0002227 secs] [Times: user=0.00 sys=0.00, real=0.00 secs] 
0.569: [Full GC (Allocation Failure) [PSYoungGen: 0K->0K(6144K)] [ParOldGen: 11423K->1183K(13824K)] 11423K->1183K(19968K), [Metaspace: 4421K->4421K(1056768K)], 0.0021572 secs] [Times: user=0.00 sys=0.00, real=0.00 secs] 
0.572: [GC (Allocation Failure) [PSYoungGen: 109K->64K(6144K)] 11533K->11487K(19968K), 0.0002986 secs] [Times: user=0.00 sys=0.00, real=0.00 secs] 
0.572: [GC (Allocation Failure) [PSYoungGen: 64K->64K(6144K)] 11487K->11487K(19968K), 0.0001990 secs] [Times: user=0.00 sys=0.00, real=0.00 secs] 
0.573: [Full GC (Allocation Failure) [PSYoungGen: 64K->0K(6144K)] [ParOldGen: 11423K->11423K(13824K)] 11487K->11423K(19968K), [Metaspace: 4421K->4421K(1056768K)], 0.0030848 secs] [Times: user=0.00 sys=0.00, real=0.00 secs] 
0.576: [GC (Allocation Failure) [PSYoungGen: 0K->0K(6144K)] 11423K->11423K(19968K), 0.0002238 secs] [Times: user=0.00 sys=0.00, real=0.00 secs] 
0.576: [Full GC (Allocation Failure) [PSYoungGen: 0K->0K(6144K)] [ParOldGen: 11423K->1183K(13824K)] 11423K->1183K(19968K), [Metaspace: 4421K->4421K(1056768K)], 0.0020162 secs] [Times: user=0.02 sys=0.00, real=0.00 secs] 
0.579: [GC (Allocation Failure) [PSYoungGen: 109K->64K(6144K)] 11533K->11487K(19968K), 0.0002394 secs] [Times: user=0.00 sys=0.00, real=0.00 secs] 
0.579: [GC (Allocation Failure) [PSYoungGen: 64K->64K(6144K)] 11487K->11487K(19968K), 0.0002037 secs] [Times: user=0.00 sys=0.00, real=0.00 secs] 
0.579: [Full GC (Allocation Failure) [PSYoungGen: 64K->0K(6144K)] [ParOldGen: 11423K->11423K(13824K)] 11487K->11423K(19968K), [Metaspace: 4421K->4421K(1056768K)], 0.0034275 secs] [Times: user=0.00 sys=0.00, real=0.00 secs] 
0.583: [GC (Allocation Failure) [PSYoungGen: 0K->0K(6144K)] 11423K->11423K(19968K), 0.0002229 secs] [Times: user=0.00 sys=0.00, real=0.00 secs] 
0.583: [Full GC (Allocation Failure) [PSYoungGen: 0K->0K(6144K)] [ParOldGen: 11423K->1183K(13824K)] 11423K->1183K(19968K), [Metaspace: 4421K->4421K(1056768K)], 0.0023057 secs] [Times: user=0.00 sys=0.00, real=0.00 secs] 
0.586: [GC (Allocation Failure) [PSYoungGen: 109K->32K(6144K)] 11533K->11455K(19968K), 0.0001981 secs] [Times: user=0.00 sys=0.00, real=0.00 secs] 
0.587: [GC (Allocation Failure) [PSYoungGen: 32K->64K(6144K)] 11455K->11487K(19968K), 0.0002119 secs] [Times: user=0.00 sys=0.00, real=0.00 secs] 
0.587: [Full GC (Allocation Failure) [PSYoungGen: 64K->0K(6144K)] [ParOldGen: 11423K->11423K(13824K)] 11487K->11423K(19968K), [Metaspace: 4421K->4421K(1056768K)], 0.0029966 secs] [Times: user=0.00 sys=0.00, real=0.00 secs] 
0.590: [GC (Allocation Failure) [PSYoungGen: 0K->0K(6144K)] 11423K->11423K(19968K), 0.0001684 secs] [Times: user=0.00 sys=0.00, real=0.00 secs] 
0.590: [Full GC (Allocation Failure) [PSYoungGen: 0K->0K(6144K)] [ParOldGen: 11423K->1183K(13824K)] 11423K->1183K(19968K), [Metaspace: 4421K->4421K(1056768K)], 0.0021877 secs] [Times: user=0.00 sys=0.00, real=0.00 secs] 
0.593: [GC (Allocation Failure) [PSYoungGen: 109K->64K(6144K)] 11533K->11487K(19968K), 0.0002473 secs] [Times: user=0.00 sys=0.00, real=0.00 secs] 
0.594: [GC (Allocation Failure) [PSYoungGen: 64K->64K(6144K)] 11487K->11487K(19968K), 0.0002249 secs] [Times: user=0.00 sys=0.00, real=0.00 secs] 
0.594: [Full GC (Allocation Failure) [PSYoungGen: 64K->0K(6144K)] [ParOldGen: 11423K->11423K(13824K)] 11487K->11423K(19968K), [Metaspace: 4421K->4421K(1056768K)], 0.0033104 secs] [Times: user=0.00 sys=0.00, real=0.00 secs] 
0.597: [GC (Allocation Failure) [PSYoungGen: 0K->0K(6144K)] 11423K->11423K(19968K), 0.0002261 secs] [Times: user=0.00 sys=0.00, real=0.00 secs] 
0.597: [Full GC (Allocation Failure) [PSYoungGen: 0K->0K(6144K)] [ParOldGen: 11423K->1183K(13824K)] 11423K->1183K(19968K), [Metaspace: 4421K->4421K(1056768K)], 0.0022296 secs] [Times: user=0.00 sys=0.00, real=0.00 secs] 
0.600: [GC (Allocation Failure) [PSYoungGen: 109K->64K(6144K)] 11533K->11487K(19968K), 0.0002461 secs] [Times: user=0.00 sys=0.00, real=0.00 secs] 
0.601: [GC (Allocation Failure) [PSYoungGen: 64K->64K(6144K)] 11487K->11487K(19968K), 0.0002017 secs] [Times: user=0.00 sys=0.00, real=0.00 secs] 
0.601: [Full GC (Allocation Failure) [PSYoungGen: 64K->0K(6144K)] [ParOldGen: 11423K->11423K(13824K)] 11487K->11423K(19968K), [Metaspace: 4421K->4421K(1056768K)], 0.0029180 secs] [Times: user=0.00 sys=0.00, real=0.00 secs] 
0.604: [GC (Allocation Failure) [PSYoungGen: 0K->0K(6144K)] 11423K->11423K(19968K), 0.0001795 secs] [Times: user=0.00 sys=0.00, real=0.00 secs] 
0.604: [Full GC (Allocation Failure) [PSYoungGen: 0K->0K(6144K)] [ParOldGen: 11423K->1183K(13824K)] 11423K->1183K(19968K), [Metaspace: 4421K->4421K(1056768K)], 0.0020618 secs] [Times: user=0.00 sys=0.00, real=0.00 secs] 
0.607: [GC (Allocation Failure) [PSYoungGen: 109K->32K(6144K)] 11533K->11455K(19968K), 0.0002460 secs] [Times: user=0.00 sys=0.00, real=0.00 secs] 
0.607: [GC (Allocation Failure) [PSYoungGen: 32K->64K(6144K)] 11455K->11487K(19968K), 0.0001700 secs] [Times: user=0.00 sys=0.00, real=0.00 secs] 
0.607: [Full GC (Allocation Failure) [PSYoungGen: 64K->0K(6144K)] [ParOldGen: 11423K->11423K(13824K)] 11487K->11423K(19968K), [Metaspace: 4421K->4421K(1056768K)], 0.0030906 secs] [Times: user=0.02 sys=0.00, real=0.00 secs] 
0.610: [GC (Allocation Failure) [PSYoungGen: 0K->0K(6144K)] 11423K->11423K(19968K), 0.0002016 secs] [Times: user=0.00 sys=0.00, real=0.00 secs] 
0.611: [Full GC (Allocation Failure) [PSYoungGen: 0K->0K(6144K)] [ParOldGen: 11423K->1183K(13824K)] 11423K->1183K(19968K), [Metaspace: 4421K->4421K(1056768K)], 0.0021068 secs] [Times: user=0.00 sys=0.00, real=0.00 secs] 
0.613: [GC (Allocation Failure) [PSYoungGen: 109K->64K(6144K)] 11533K->11487K(19968K), 0.0002120 secs] [Times: user=0.00 sys=0.00, real=0.00 secs] 
0.614: [GC (Allocation Failure) [PSYoungGen: 64K->32K(6144K)] 11487K->11455K(19968K), 0.0002322 secs] [Times: user=0.00 sys=0.00, real=0.00 secs] 
0.614: [Full GC (Allocation Failure) [PSYoungGen: 32K->0K(6144K)] [ParOldGen: 11423K->11423K(13824K)] 11455K->11423K(19968K), [Metaspace: 4422K->4422K(1056768K)], 0.0029501 secs] [Times: user=0.00 sys=0.00, real=0.00 secs] 
0.617: [GC (Allocation Failure) [PSYoungGen: 0K->0K(6144K)] 11423K->11423K(19968K), 0.0002241 secs] [Times: user=0.00 sys=0.00, real=0.00 secs] 
0.617: [Full GC (Allocation Failure) [PSYoungGen: 0K->0K(6144K)] [ParOldGen: 11423K->1183K(13824K)] 11423K->1183K(19968K), [Metaspace: 4422K->4422K(1056768K)], 0.0020203 secs] [Times: user=0.00 sys=0.00, real=0.00 secs] 
0.620: [GC (Allocation Failure) [PSYoungGen: 109K->64K(6144K)] 11533K->11487K(19968K), 0.0002191 secs] [Times: user=0.00 sys=0.00, real=0.00 secs] 
0.620: [GC (Allocation Failure) [PSYoungGen: 64K->64K(6144K)] 11487K->11487K(19968K), 0.0002333 secs] [Times: user=0.00 sys=0.00, real=0.00 secs] 
0.620: [Full GC (Allocation Failure) [PSYoungGen: 64K->0K(6144K)] [ParOldGen: 11423K->11423K(13824K)] 11487K->11423K(19968K), [Metaspace: 4423K->4423K(1056768K)], 0.0029173 secs] [Times: user=0.00 sys=0.00, real=0.00 secs] 
0.623: [GC (Allocation Failure) [PSYoungGen: 0K->0K(6144K)] 11423K->11423K(19968K), 0.0002434 secs] [Times: user=0.00 sys=0.00, real=0.00 secs] 
0.624: [Full GC (Allocation Failure) [PSYoungGen: 0K->0K(6144K)] [ParOldGen: 11423K->1183K(13824K)] 11423K->1183K(19968K), [Metaspace: 4423K->4423K(1056768K)], 0.0020401 secs] [Times: user=0.16 sys=0.00, real=0.00 secs] 
0.626: [GC (Allocation Failure) [PSYoungGen: 109K->32K(6144K)] 11533K->11455K(19968K), 0.0002286 secs] [Times: user=0.00 sys=0.00, real=0.00 secs] 
0.626: [GC (Allocation Failure) [PSYoungGen: 32K->32K(6144K)] 11455K->11455K(19968K), 0.0001755 secs] [Times: user=0.00 sys=0.00, real=0.00 secs] 
0.627: [Full GC (Allocation Failure) [PSYoungGen: 32K->0K(6144K)] [ParOldGen: 11423K->11423K(13824K)] 11455K->11423K(19968K), [Metaspace: 4423K->4423K(1056768K)], 0.0029400 secs] [Times: user=0.00 sys=0.00, real=0.00 secs] 
0.630: [GC (Allocation Failure) [PSYoungGen: 0K->0K(6144K)] 11423K->11423K(19968K), 0.0002333 secs] [Times: user=0.00 sys=0.00, real=0.00 secs] 
0.630: [Full GC (Allocation Failure) [PSYoungGen: 0K->0K(6144K)] [ParOldGen: 11423K->1183K(13824K)] 11423K->1183K(19968K), [Metaspace: 4423K->4423K(1056768K)], 0.0019743 secs] [Times: user=0.00 sys=0.00, real=0.00 secs] 
0.632: [GC (Allocation Failure) [PSYoungGen: 109K->64K(6144K)] 11533K->11487K(19968K), 0.0001968 secs] [Times: user=0.00 sys=0.00, real=0.00 secs] 
0.633: [GC (Allocation Failure) [PSYoungGen: 64K->64K(6144K)] 11487K->11487K(19968K), 0.0002332 secs] [Times: user=0.00 sys=0.00, real=0.00 secs] 
0.633: [Full GC (Allocation Failure) [PSYoungGen: 64K->0K(6144K)] [ParOldGen: 11423K->11423K(13824K)] 11487K->11423K(19968K), [Metaspace: 4423K->4423K(1056768K)], 0.0029935 secs] [Times: user=0.00 sys=0.00, real=0.00 secs] 
0.636: [GC (Allocation Failure) [PSYoungGen: 0K->0K(6144K)] 11423K->11423K(19968K), 0.0002172 secs] [Times: user=0.00 sys=0.00, real=0.00 secs] 
0.636: [Full GC (Allocation Failure) [PSYoungGen: 0K->0K(6144K)] [ParOldGen: 11423K->1183K(13824K)] 11423K->1183K(19968K), [Metaspace: 4423K->4423K(1056768K)], 0.0021235 secs] [Times: user=0.00 sys=0.00, real=0.00 secs] 
0.639: [GC (Allocation Failure) [PSYoungGen: 109K->64K(6144K)] 11533K->11487K(19968K), 0.0001934 secs] [Times: user=0.00 sys=0.00, real=0.00 secs] 
0.639: [GC (Allocation Failure) [PSYoungGen: 64K->32K(6144K)] 11487K->11455K(19968K), 0.0002076 secs] [Times: user=0.00 sys=0.00, real=0.00 secs] 
0.639: [Full GC (Allocation Failure) [PSYoungGen: 32K->0K(6144K)] [ParOldGen: 11423K->11423K(13824K)] 11455K->11423K(19968K), [Metaspace: 4423K->4423K(1056768K)], 0.0030535 secs] [Times: user=0.13 sys=0.02, real=0.00 secs] 
0.643: [GC (Allocation Failure) [PSYoungGen: 0K->0K(6144K)] 11423K->11423K(19968K), 0.0002197 secs] [Times: user=0.00 sys=0.00, real=0.00 secs] 
0.643: [Full GC (Allocation Failure) [PSYoungGen: 0K->0K(6144K)] [ParOldGen: 11423K->1183K(13824K)] 11423K->1183K(19968K), [Metaspace: 4423K->4423K(1056768K)], 0.0020867 secs] [Times: user=0.00 sys=0.00, real=0.00 secs] 
0.645: [GC (Allocation Failure) [PSYoungGen: 109K->64K(6144K)] 11533K->11487K(19968K), 0.0001701 secs] [Times: user=0.00 sys=0.00, real=0.00 secs] 
0.646: [GC (Allocation Failure) [PSYoungGen: 64K->64K(6144K)] 11487K->11487K(19968K), 0.0002169 secs] [Times: user=0.00 sys=0.00, real=0.00 secs] 
0.646: [Full GC (Allocation Failure) [PSYoungGen: 64K->0K(6144K)] [ParOldGen: 11423K->11423K(13824K)] 11487K->11423K(19968K), [Metaspace: 4423K->4423K(1056768K)], 0.0032522 secs] [Times: user=0.00 sys=0.00, real=0.00 secs] 
0.649: [GC (Allocation Failure) [PSYoungGen: 0K->0K(6144K)] 11423K->11423K(19968K), 0.0002202 secs] [Times: user=0.00 sys=0.00, real=0.00 secs] 
0.650: [Full GC (Allocation Failure) [PSYoungGen: 0K->0K(6144K)] [ParOldGen: 11423K->1183K(13824K)] 11423K->1183K(19968K), [Metaspace: 4423K->4423K(1056768K)], 0.0021414 secs] [Times: user=0.00 sys=0.00, real=0.00 secs] 
0.652: [GC (Allocation Failure) [PSYoungGen: 109K->64K(6144K)] 11533K->11487K(19968K), 0.0002406 secs] [Times: user=0.00 sys=0.00, real=0.00 secs] 
0.652: [GC (Allocation Failure) [PSYoungGen: 64K->32K(6144K)] 11487K->11455K(19968K), 0.0002451 secs] [Times: user=0.00 sys=0.00, real=0.00 secs] 
0.653: [Full GC (Allocation Failure) [PSYoungGen: 32K->0K(6144K)] [ParOldGen: 11423K->11423K(13824K)] 11455K->11423K(19968K), [Metaspace: 4424K->4424K(1056768K)], 0.0030926 secs] [Times: user=0.16 sys=0.00, real=0.00 secs] 
0.656: [GC (Allocation Failure) [PSYoungGen: 0K->0K(6144K)] 11423K->11423K(19968K), 0.0002434 secs] [Times: user=0.00 sys=0.00, real=0.00 secs] 
0.656: [Full GC (Allocation Failure) [PSYoungGen: 0K->0K(6144K)] [ParOldGen: 11423K->1183K(13824K)] 11423K->1183K(19968K), [Metaspace: 4424K->4424K(1056768K)], 0.0025711 secs] [Times: user=0.00 sys=0.00, real=0.00 secs] 
0.659: [GC (Allocation Failure) [PSYoungGen: 109K->64K(6144K)] 11533K->11487K(19968K), 0.0001767 secs] [Times: user=0.00 sys=0.00, real=0.00 secs] 
0.660: [GC (Allocation Failure) [PSYoungGen: 64K->64K(6144K)] 11487K->11487K(19968K), 0.0001936 secs] [Times: user=0.00 sys=0.00, real=0.00 secs] 
0.660: [Full GC (Allocation Failure) [PSYoungGen: 64K->0K(6144K)] [ParOldGen: 11423K->11423K(13824K)] 11487K->11423K(19968K), [Metaspace: 4424K->4424K(1056768K)], 0.0029957 secs] [Times: user=0.00 sys=0.00, real=0.00 secs] 
0.663: [GC (Allocation Failure) [PSYoungGen: 0K->0K(6144K)] 11423K->11423K(19968K), 0.0002446 secs] [Times: user=0.00 sys=0.00, real=0.00 secs] 
0.663: [Full GC (Allocation Failure) [PSYoungGen: 0K->0K(6144K)] [ParOldGen: 11423K->1183K(13824K)] 11423K->1183K(19968K), [Metaspace: 4424K->4424K(1056768K)], 0.0021326 secs] [Times: user=0.00 sys=0.00, real=0.00 secs] 
0.666: [GC (Allocation Failure) [PSYoungGen: 109K->32K(6144K)] 11533K->11455K(19968K), 0.0001918 secs] [Times: user=0.00 sys=0.00, real=0.00 secs] 
0.666: [GC (Allocation Failure) [PSYoungGen: 32K->64K(6144K)] 11455K->11487K(19968K), 0.0001791 secs] [Times: user=0.00 sys=0.00, real=0.00 secs] 
0.666: [Full GC (Allocation Failure) [PSYoungGen: 64K->0K(6144K)] [ParOldGen: 11423K->11423K(13824K)] 11487K->11423K(19968K), [Metaspace: 4424K->4424K(1056768K)], 0.0028005 secs] [Times: user=0.00 sys=0.00, real=0.00 secs] 
0.669: [GC (Allocation Failure) [PSYoungGen: 0K->0K(6144K)] 11423K->11423K(19968K), 0.0002254 secs] [Times: user=0.00 sys=0.00, real=0.00 secs] 
0.669: [Full GC (Allocation Failure) [PSYoungGen: 0K->0K(6144K)] [ParOldGen: 11423K->1183K(13824K)] 11423K->1183K(19968K), [Metaspace: 4424K->4424K(1056768K)], 0.0021145 secs] [Times: user=0.01 sys=0.00, real=0.00 secs] 
0.672: [GC (Allocation Failure) [PSYoungGen: 109K->64K(6144K)] 11533K->11487K(19968K), 0.0002087 secs] [Times: user=0.00 sys=0.00, real=0.00 secs] 
0.672: [GC (Allocation Failure) [PSYoungGen: 64K->64K(6144K)] 11487K->11487K(19968K), 0.0002220 secs] [Times: user=0.00 sys=0.00, real=0.00 secs] 
0.672: [Full GC (Allocation Failure) [PSYoungGen: 64K->0K(6144K)] [ParOldGen: 11423K->11423K(13824K)] 11487K->11423K(19968K), [Metaspace: 4424K->4424K(1056768K)], 0.0029998 secs] [Times: user=0.00 sys=0.00, real=0.00 secs] 
0.676: [GC (Allocation Failure) [PSYoungGen: 0K->0K(6144K)] 11423K->11423K(19968K), 0.0001722 secs] [Times: user=0.00 sys=0.00, real=0.00 secs] 
0.676: [Full GC (Allocation Failure) [PSYoungGen: 0K->0K(6144K)] [ParOldGen: 11423K->1183K(13824K)] 11423K->1183K(19968K), [Metaspace: 4424K->4424K(1056768K)], 0.0020805 secs] [Times: user=0.00 sys=0.00, real=0.00 secs] 
0.678: [GC (Allocation Failure) [PSYoungGen: 109K->32K(6144K)] 11533K->11455K(19968K), 0.0001779 secs] [Times: user=0.00 sys=0.00, real=0.00 secs] 
0.679: [GC (Allocation Failure) [PSYoungGen: 32K->64K(6144K)] 11455K->11487K(19968K), 0.0001922 secs] [Times: user=0.00 sys=0.00, real=0.00 secs] 
0.679: [Full GC (Allocation Failure) [PSYoungGen: 64K->0K(6144K)] [ParOldGen: 11423K->11423K(13824K)] 11487K->11423K(19968K), [Metaspace: 4424K->4424K(1056768K)], 0.0026516 secs] [Times: user=0.00 sys=0.00, real=0.00 secs] 
0.681: [GC (Allocation Failure) [PSYoungGen: 0K->0K(6144K)] 11423K->11423K(19968K), 0.0001594 secs] [Times: user=0.00 sys=0.00, real=0.00 secs] 
0.682: [Full GC (Allocation Failure) [PSYoungGen: 0K->0K(6144K)] [ParOldGen: 11423K->1183K(13824K)] 11423K->1183K(19968K), [Metaspace: 4424K->4424K(1056768K)], 0.0019751 secs] [Times: user=0.00 sys=0.00, real=0.00 secs] 
0.684: [GC (Allocation Failure) [PSYoungGen: 109K->64K(6144K)] 11533K->11487K(19968K), 0.0002169 secs] [Times: user=0.00 sys=0.00, real=0.00 secs] 
0.684: [GC (Allocation Failure) [PSYoungGen: 64K->64K(6144K)] 11487K->11487K(19968K), 0.0002264 secs] [Times: user=0.00 sys=0.00, real=0.00 secs] 
0.685: [Full GC (Allocation Failure) [PSYoungGen: 64K->0K(6144K)] [ParOldGen: 11423K->11423K(13824K)] 11487K->11423K(19968K), [Metaspace: 4424K->4424K(1056768K)], 0.0029219 secs] [Times: user=0.16 sys=0.00, real=0.00 secs] 
0.688: [GC (Allocation Failure) [PSYoungGen: 0K->0K(6144K)] 11423K->11423K(19968K), 0.0002212 secs] [Times: user=0.00 sys=0.00, real=0.00 secs] 
0.688: [Full GC (Allocation Failure) [PSYoungGen: 0K->0K(6144K)] [ParOldGen: 11423K->1183K(13824K)] 11423K->1183K(19968K), [Metaspace: 4424K->4424K(1056768K)], 0.0021718 secs] [Times: user=0.00 sys=0.00, real=0.00 secs] 
0.691: [GC (Allocation Failure) [PSYoungGen: 109K->64K(6144K)] 11533K->11487K(19968K), 0.0002201 secs] [Times: user=0.00 sys=0.00, real=0.00 secs] 
0.691: [GC (Allocation Failure) [PSYoungGen: 64K->32K(6144K)] 11487K->11455K(19968K), 0.0001603 secs] [Times: user=0.00 sys=0.00, real=0.00 secs] 
0.691: [Full GC (Allocation Failure) [PSYoungGen: 32K->0K(6144K)] [ParOldGen: 11423K->11423K(13824K)] 11455K->11423K(19968K), [Metaspace: 4424K->4424K(1056768K)], 0.0030581 secs] [Times: user=0.00 sys=0.00, real=0.00 secs] 
0.694: [GC (Allocation Failure) [PSYoungGen: 0K->0K(6144K)] 11423K->11423K(19968K), 0.0002531 secs] [Times: user=0.00 sys=0.00, real=0.00 secs] 
0.695: [Full GC (Allocation Failure) [PSYoungGen: 0K->0K(6144K)] [ParOldGen: 11423K->1183K(13824K)] 11423K->1183K(19968K), [Metaspace: 4424K->4424K(1056768K)], 0.0024580 secs] [Times: user=0.00 sys=0.00, real=0.00 secs] 
0.698: [GC (Allocation Failure) [PSYoungGen: 109K->64K(6144K)] 11533K->11487K(19968K), 0.0001775 secs] [Times: user=0.00 sys=0.00, real=0.00 secs] 
0.698: [GC (Allocation Failure) [PSYoungGen: 64K->64K(6144K)] 11487K->11487K(19968K), 0.0002665 secs] [Times: user=0.00 sys=0.00, real=0.00 secs] 
0.698: [Full GC (Allocation Failure) [PSYoungGen: 64K->0K(6144K)] [ParOldGen: 11423K->11423K(13824K)] 11487K->11423K(19968K), [Metaspace: 4424K->4424K(1056768K)], 0.0032973 secs] [Times: user=0.00 sys=0.00, real=0.00 secs] 
0.701: [GC (Allocation Failure) [PSYoungGen: 0K->0K(6144K)] 11423K->11423K(19968K), 0.0002497 secs] [Times: user=0.00 sys=0.00, real=0.00 secs] 
0.702: [Full GC (Allocation Failure) [PSYoungGen: 0K->0K(6144K)] [ParOldGen: 11423K->1183K(13824K)] 11423K->1183K(19968K), [Metaspace: 4424K->4424K(1056768K)], 0.0025238 secs] [Times: user=0.02 sys=0.01, real=0.00 secs] 
0.705: [GC (Allocation Failure) [PSYoungGen: 109K->64K(6144K)] 11533K->11487K(19968K), 0.0002429 secs] [Times: user=0.00 sys=0.00, real=0.00 secs] 
0.705: [GC (Allocation Failure) [PSYoungGen: 64K->64K(6144K)] 11487K->11487K(19968K), 0.0002491 secs] [Times: user=0.00 sys=0.00, real=0.00 secs] 
0.705: [Full GC (Allocation Failure) [PSYoungGen: 64K->0K(6144K)] [ParOldGen: 11423K->11423K(13824K)] 11487K->11423K(19968K), [Metaspace: 4424K->4424K(1056768K)], 0.0029864 secs] [Times: user=0.00 sys=0.00, real=0.00 secs] 
0.708: [GC (Allocation Failure) [PSYoungGen: 0K->0K(6144K)] 11423K->11423K(19968K), 0.0002065 secs] [Times: user=0.00 sys=0.00, real=0.00 secs] 
0.709: [Full GC (Allocation Failure) [PSYoungGen: 0K->0K(6144K)] [ParOldGen: 11423K->1183K(13824K)] 11423K->1183K(19968K), [Metaspace: 4424K->4424K(1056768K)], 0.0023640 secs] [Times: user=0.00 sys=0.00, real=0.00 secs] 
0.712: [GC (Allocation Failure) [PSYoungGen: 109K->64K(6144K)] 11533K->11487K(19968K), 0.0002583 secs] [Times: user=0.00 sys=0.00, real=0.00 secs] 
0.712: [GC (Allocation Failure) [PSYoungGen: 64K->32K(6144K)] 11487K->11455K(19968K), 0.0001909 secs] [Times: user=0.00 sys=0.00, real=0.00 secs] 
0.712: [Full GC (Allocation Failure) [PSYoungGen: 32K->0K(6144K)] [ParOldGen: 11423K->11423K(13824K)] 11455K->11423K(19968K), [Metaspace: 4424K->4424K(1056768K)], 0.0034023 secs] [Times: user=0.00 sys=0.00, real=0.00 secs] 
0.715: [GC (Allocation Failure) [PSYoungGen: 0K->0K(6144K)] 11423K->11423K(19968K), 0.0002221 secs] [Times: user=0.00 sys=0.00, real=0.00 secs] 
0.716: [Full GC (Allocation Failure) [PSYoungGen: 0K->0K(6144K)] [ParOldGen: 11423K->1183K(13824K)] 11423K->1183K(19968K), [Metaspace: 4424K->4424K(1056768K)], 0.0026377 secs] [Times: user=0.02 sys=0.00, real=0.00 secs] 
0.719: [GC (Allocation Failure) [PSYoungGen: 109K->64K(6144K)] 11533K->11487K(19968K), 0.0002059 secs] [Times: user=0.00 sys=0.00, real=0.00 secs] 
0.719: [GC (Allocation Failure) [PSYoungGen: 64K->32K(6144K)] 11487K->11455K(19968K), 0.0001936 secs] [Times: user=0.00 sys=0.00, real=0.00 secs] 
0.719: [Full GC (Allocation Failure) [PSYoungGen: 32K->0K(6144K)] [ParOldGen: 11423K->11423K(13824K)] 11455K->11423K(19968K), [Metaspace: 4424K->4424K(1056768K)], 0.0031039 secs] [Times: user=0.00 sys=0.00, real=0.00 secs] 
0.723: [GC (Allocation Failure) [PSYoungGen: 0K->0K(6144K)] 11423K->11423K(19968K), 0.0001736 secs] [Times: user=0.00 sys=0.00, real=0.00 secs] 
0.723: [Full GC (Allocation Failure) [PSYoungGen: 0K->0K(6144K)] [ParOldGen: 11423K->1183K(13824K)] 11423K->1183K(19968K), [Metaspace: 4424K->4424K(1056768K)], 0.0024021 secs] [Times: user=0.00 sys=0.00, real=0.00 secs] 
0.726: [GC (Allocation Failure) [PSYoungGen: 109K->64K(6144K)] 11533K->11487K(19968K), 0.0002446 secs] [Times: user=0.00 sys=0.00, real=0.00 secs] 
0.726: [GC (Allocation Failure) [PSYoungGen: 64K->64K(6144K)] 11487K->11487K(19968K), 0.0002475 secs] [Times: user=0.00 sys=0.00, real=0.00 secs] 
0.727: [Full GC (Allocation Failure) [PSYoungGen: 64K->0K(6144K)] [ParOldGen: 11423K->11423K(13824K)] 11487K->11423K(19968K), [Metaspace: 4425K->4425K(1056768K)], 0.0034777 secs] [Times: user=0.00 sys=0.00, real=0.00 secs] 
0.730: [GC (Allocation Failure) [PSYoungGen: 0K->0K(6144K)] 11423K->11423K(19968K), 0.0001739 secs] [Times: user=0.00 sys=0.00, real=0.00 secs] 
0.730: [Full GC (Allocation Failure) [PSYoungGen: 0K->0K(6144K)] [ParOldGen: 11423K->1183K(13824K)] 11423K->1183K(19968K), [Metaspace: 4425K->4425K(1056768K)], 0.0024068 secs] [Times: user=0.00 sys=0.00, real=0.00 secs] 
0.733: [GC (Allocation Failure) [PSYoungGen: 109K->64K(6144K)] 11533K->11487K(19968K), 0.0002483 secs] [Times: user=0.00 sys=0.00, real=0.00 secs] 
0.734: [GC (Allocation Failure) [PSYoungGen: 64K->64K(6144K)] 11487K->11487K(19968K), 0.0002372 secs] [Times: user=0.02 sys=0.00, real=0.00 secs] 
0.734: [Full GC (Allocation Failure) [PSYoungGen: 64K->0K(6144K)] [ParOldGen: 11423K->11423K(13824K)] 11487K->11423K(19968K), [Metaspace: 4425K->4425K(1056768K)], 0.0029346 secs] [Times: user=0.00 sys=0.00, real=0.00 secs] 
0.737: [GC (Allocation Failure) [PSYoungGen: 0K->0K(6144K)] 11423K->11423K(19968K), 0.0002289 secs] [Times: user=0.00 sys=0.00, real=0.00 secs] 
0.737: [Full GC (Allocation Failure) [PSYoungGen: 0K->0K(6144K)] [ParOldGen: 11423K->1183K(13824K)] 11423K->1183K(19968K), [Metaspace: 4425K->4425K(1056768K)], 0.0029085 secs] [Times: user=0.00 sys=0.00, real=0.00 secs] 
0.741: [GC (Allocation Failure) [PSYoungGen: 109K->64K(6144K)] 11533K->11487K(19968K), 0.0002222 secs] [Times: user=0.00 sys=0.00, real=0.00 secs] 
0.741: [GC (Allocation Failure) [PSYoungGen: 64K->64K(6144K)] 11487K->11487K(19968K), 0.0002005 secs] [Times: user=0.00 sys=0.00, real=0.00 secs] 
0.741: [Full GC (Allocation Failure) [PSYoungGen: 64K->0K(6144K)] [ParOldGen: 11423K->11423K(13824K)] 11487K->11423K(19968K), [Metaspace: 4425K->4425K(1056768K)], 0.0027839 secs] [Times: user=0.00 sys=0.00, real=0.00 secs] 
0.744: [GC (Allocation Failure) [PSYoungGen: 0K->0K(6144K)] 11423K->11423K(19968K), 0.0002066 secs] [Times: user=0.00 sys=0.00, real=0.00 secs] 
0.744: [Full GC (Allocation Failure) [PSYoungGen: 0K->0K(6144K)] [ParOldGen: 11423K->1183K(13824K)] 11423K->1183K(19968K), [Metaspace: 4425K->4425K(1056768K)], 0.0023197 secs] [Times: user=0.00 sys=0.00, real=0.00 secs] 
0.747: [GC (Allocation Failure) [PSYoungGen: 109K->64K(6144K)] 11533K->11487K(19968K), 0.0002174 secs] [Times: user=0.00 sys=0.00, real=0.00 secs] 
0.747: [GC (Allocation Failure) [PSYoungGen: 64K->64K(6144K)] 11487K->11487K(19968K), 0.0002017 secs] [Times: user=0.00 sys=0.00, real=0.00 secs] 
0.748: [Full GC (Allocation Failure) [PSYoungGen: 64K->0K(6144K)] [ParOldGen: 11423K->11423K(13824K)] 11487K->11423K(19968K), [Metaspace: 4425K->4425K(1056768K)], 0.0032785 secs] [Times: user=0.01 sys=0.00, real=0.00 secs] 
0.751: [GC (Allocation Failure) [PSYoungGen: 0K->0K(6144K)] 11423K->11423K(19968K), 0.0002478 secs] [Times: user=0.00 sys=0.00, real=0.00 secs] 
0.751: [Full GC (Allocation Failure) [PSYoungGen: 0K->0K(6144K)] [ParOldGen: 11423K->1183K(13824K)] 11423K->1183K(19968K), [Metaspace: 4425K->4425K(1056768K)], 0.0031743 secs] [Times: user=0.00 sys=0.00, real=0.00 secs] 
0.755: [GC (Allocation Failure) [PSYoungGen: 109K->64K(6144K)] 11533K->11487K(19968K), 0.0001766 secs] [Times: user=0.00 sys=0.00, real=0.00 secs] 
0.755: [GC (Allocation Failure) [PSYoungGen: 64K->64K(6144K)] 11487K->11487K(19968K), 0.0002229 secs] [Times: user=0.00 sys=0.00, real=0.00 secs] 
0.755: [Full GC (Allocation Failure) [PSYoungGen: 64K->0K(6144K)] [ParOldGen: 11423K->11423K(13824K)] 11487K->11423K(19968K), [Metaspace: 4425K->4425K(1056768K)], 0.0027668 secs] [Times: user=0.00 sys=0.00, real=0.00 secs] 
0.758: [GC (Allocation Failure) [PSYoungGen: 0K->0K(6144K)] 11423K->11423K(19968K), 0.0002114 secs] [Times: user=0.00 sys=0.00, real=0.00 secs] 
0.758: [Full GC (Allocation Failure) [PSYoungGen: 0K->0K(6144K)] [ParOldGen: 11423K->1183K(13824K)] 11423K->1183K(19968K), [Metaspace: 4425K->4425K(1056768K)], 0.0022786 secs] [Times: user=0.00 sys=0.00, real=0.00 secs] 
0.761: [GC (Allocation Failure) [PSYoungGen: 109K->64K(6144K)] 11533K->11487K(19968K), 0.0002614 secs] [Times: user=0.00 sys=0.00, real=0.00 secs] 
0.762: [GC (Allocation Failure) [PSYoungGen: 64K->64K(6144K)] 11487K->11487K(19968K), 0.0002198 secs] [Times: user=0.00 sys=0.00, real=0.00 secs] 
0.762: [Full GC (Allocation Failure) [PSYoungGen: 64K->0K(6144K)] [ParOldGen: 11423K->11423K(13824K)] 11487K->11423K(19968K), [Metaspace: 4426K->4426K(1056768K)], 0.0033980 secs] [Times: user=0.16 sys=0.00, real=0.00 secs] 
0.765: [GC (Allocation Failure) [PSYoungGen: 0K->0K(6144K)] 11423K->11423K(19968K), 0.0003156 secs] [Times: user=0.00 sys=0.00, real=0.00 secs] 
0.766: [Full GC (Allocation Failure) [PSYoungGen: 0K->0K(6144K)] [ParOldGen: 11423K->1183K(13824K)] 11423K->1183K(19968K), [Metaspace: 4426K->4426K(1056768K)], 0.0023847 secs] [Times: user=0.00 sys=0.00, real=0.00 secs] 
0.769: [GC (Allocation Failure) [PSYoungGen: 109K->64K(6144K)] 11533K->11487K(19968K), 0.0002182 secs] [Times: user=0.00 sys=0.00, real=0.00 secs] 
0.769: [GC (Allocation Failure) [PSYoungGen: 64K->32K(6144K)] 11487K->11455K(19968K), 0.0002158 secs] [Times: user=0.00 sys=0.00, real=0.00 secs] 
0.769: [Full GC (Allocation Failure) [PSYoungGen: 32K->0K(6144K)] [ParOldGen: 11423K->11423K(13824K)] 11455K->11423K(19968K), [Metaspace: 4427K->4427K(1056768K)], 0.0030529 secs] [Times: user=0.00 sys=0.00, real=0.00 secs] 
0.772: [GC (Allocation Failure) [PSYoungGen: 0K->0K(6144K)] 11423K->11423K(19968K), 0.0002255 secs] [Times: user=0.00 sys=0.00, real=0.00 secs] 
0.773: [Full GC (Allocation Failure) [PSYoungGen: 0K->0K(6144K)] [ParOldGen: 11423K->1183K(13824K)] 11423K->1183K(19968K), [Metaspace: 4427K->4427K(1056768K)], 0.0024761 secs] [Times: user=0.00 sys=0.00, real=0.00 secs] 
0.776: [GC (Allocation Failure) [PSYoungGen: 109K->64K(6144K)] 11533K->11487K(19968K), 0.0002444 secs] [Times: user=0.00 sys=0.00, real=0.00 secs] 
0.776: [GC (Allocation Failure) [PSYoungGen: 64K->32K(6144K)] 11487K->11455K(19968K), 0.0001962 secs] [Times: user=0.00 sys=0.00, real=0.00 secs] 
0.776: [Full GC (Allocation Failure) [PSYoungGen: 32K->0K(6144K)] [ParOldGen: 11423K->11423K(13824K)] 11455K->11423K(19968K), [Metaspace: 4427K->4427K(1056768K)], 0.0031753 secs] [Times: user=0.00 sys=0.00, real=0.00 secs] 
0.780: [GC (Allocation Failure) [PSYoungGen: 0K->0K(6144K)] 11423K->11423K(19968K), 0.0002608 secs] [Times: user=0.00 sys=0.00, real=0.00 secs] 
0.780: [Full GC (Allocation Failure) [PSYoungGen: 0K->0K(6144K)] [ParOldGen: 11423K->1183K(13824K)] 11423K->1183K(19968K), [Metaspace: 4427K->4427K(1056768K)], 0.0022848 secs] [Times: user=0.00 sys=0.02, real=0.00 secs] 
0.783: [GC (Allocation Failure) [PSYoungGen: 109K->64K(6144K)] 11533K->11487K(19968K), 0.0001916 secs] [Times: user=0.00 sys=0.00, real=0.00 secs] 
0.783: [GC (Allocation Failure) [PSYoungGen: 64K->64K(6144K)] 11487K->11487K(19968K), 0.0002038 secs] [Times: user=0.00 sys=0.00, real=0.00 secs] 
0.783: [Full GC (Allocation Failure) [PSYoungGen: 64K->0K(6144K)] [ParOldGen: 11423K->11423K(13824K)] 11487K->11423K(19968K), [Metaspace: 4430K->4430K(1056768K)], 0.0036463 secs] [Times: user=0.00 sys=0.00, real=0.00 secs] 
0.787: [GC (Allocation Failure) [PSYoungGen: 0K->0K(6144K)] 11423K->11423K(19968K), 0.0004676 secs] [Times: user=0.00 sys=0.00, real=0.00 secs] 
0.787: [Full GC (Allocation Failure) [PSYoungGen: 0K->0K(6144K)] [ParOldGen: 11423K->1183K(13824K)] 11423K->1183K(19968K), [Metaspace: 4430K->4430K(1056768K)], 0.0023249 secs] [Times: user=0.00 sys=0.00, real=0.00 secs] 
0.790: [GC (Allocation Failure) [PSYoungGen: 109K->64K(6144K)] 11533K->11487K(19968K), 0.0002336 secs] [Times: user=0.00 sys=0.00, real=0.00 secs] 
0.791: [GC (Allocation Failure) [PSYoungGen: 64K->32K(6144K)] 11487K->11455K(19968K), 0.0001695 secs] [Times: user=0.00 sys=0.00, real=0.00 secs] 
0.791: [Full GC (Allocation Failure) [PSYoungGen: 32K->0K(6144K)] [ParOldGen: 11423K->11423K(13824K)] 11455K->11423K(19968K), [Metaspace: 4430K->4430K(1056768K)], 0.0032691 secs] [Times: user=0.00 sys=0.00, real=0.00 secs] 
0.794: [GC (Allocation Failure) [PSYoungGen: 0K->0K(6144K)] 11423K->11423K(19968K), 0.0002368 secs] [Times: user=0.00 sys=0.00, real=0.00 secs] 
0.794: [Full GC (Allocation Failure) [PSYoungGen: 0K->0K(6144K)] [ParOldGen: 11423K->1183K(13824K)] 11423K->1183K(19968K), [Metaspace: 4430K->4430K(1056768K)], 0.0023049 secs] [Times: user=0.02 sys=0.00, real=0.00 secs] 
0.797: [GC (Allocation Failure) [PSYoungGen: 109K->64K(6144K)] 11533K->11487K(19968K), 0.0002781 secs] [Times: user=0.00 sys=0.00, real=0.00 secs] 
0.798: [GC (Allocation Failure) [PSYoungGen: 64K->64K(6144K)] 11487K->11487K(19968K), 0.0002260 secs] [Times: user=0.00 sys=0.00, real=0.00 secs] 
0.798: [Full GC (Allocation Failure) [PSYoungGen: 64K->0K(6144K)] [ParOldGen: 11423K->11423K(13824K)] 11487K->11423K(19968K), [Metaspace: 4430K->4430K(1056768K)], 0.0038831 secs] [Times: user=0.00 sys=0.00, real=0.00 secs] 
0.802: [GC (Allocation Failure) [PSYoungGen: 0K->0K(6144K)] 11423K->11423K(19968K), 0.0002515 secs] [Times: user=0.00 sys=0.00, real=0.00 secs] 
0.802: [Full GC (Allocation Failure) [PSYoungGen: 0K->0K(6144K)] [ParOldGen: 11423K->1183K(13824K)] 11423K->1183K(19968K), [Metaspace: 4430K->4430K(1056768K)], 0.0022922 secs] [Times: user=0.00 sys=0.00, real=0.00 secs] 
0.805: [GC (Allocation Failure) [PSYoungGen: 109K->64K(6144K)] 11533K->11487K(19968K), 0.0002066 secs] [Times: user=0.00 sys=0.00, real=0.00 secs] 
0.805: [GC (Allocation Failure) [PSYoungGen: 64K->32K(6144K)] 11487K->11455K(19968K), 0.0001630 secs] [Times: user=0.00 sys=0.00, real=0.00 secs] 
0.806: [Full GC (Allocation Failure) [PSYoungGen: 32K->0K(6144K)] [ParOldGen: 11423K->11423K(13824K)] 11455K->11423K(19968K), [Metaspace: 4430K->4430K(1056768K)], 0.0033021 secs] [Times: user=0.00 sys=0.00, real=0.00 secs] 
0.809: [GC (Allocation Failure) [PSYoungGen: 0K->0K(6144K)] 11423K->11423K(19968K), 0.0002169 secs] [Times: user=0.00 sys=0.00, real=0.00 secs] 
0.809: [Full GC (Allocation Failure) [PSYoungGen: 0K->0K(6144K)] [ParOldGen: 11423K->1183K(13824K)] 11423K->1183K(19968K), [Metaspace: 4430K->4430K(1056768K)], 0.0022368 secs] [Times: user=0.00 sys=0.05, real=0.00 secs] 
0.812: [GC (Allocation Failure) [PSYoungGen: 109K->32K(6144K)] 11533K->11455K(19968K), 0.0002107 secs] [Times: user=0.00 sys=0.00, real=0.00 secs] 
0.812: [GC (Allocation Failure) [PSYoungGen: 32K->64K(6144K)] 11455K->11487K(19968K), 0.0002666 secs] [Times: user=0.00 sys=0.00, real=0.00 secs] 
0.813: [Full GC (Allocation Failure) [PSYoungGen: 64K->0K(6144K)] [ParOldGen: 11423K->11423K(13824K)] 11487K->11423K(19968K), [Metaspace: 4430K->4430K(1056768K)], 0.0031550 secs] [Times: user=0.00 sys=0.00, real=0.00 secs] 
0.816: [GC (Allocation Failure) [PSYoungGen: 0K->0K(6144K)] 11423K->11423K(19968K), 0.0002483 secs] [Times: user=0.00 sys=0.00, real=0.00 secs] 
0.816: [Full GC (Allocation Failure) [PSYoungGen: 0K->0K(6144K)] [ParOldGen: 11423K->1183K(13824K)] 11423K->1183K(19968K), [Metaspace: 4430K->4430K(1056768K)], 0.0022275 secs] [Times: user=0.00 sys=0.00, real=0.00 secs] 
0.819: [GC (Allocation Failure) [PSYoungGen: 109K->64K(6144K)] 11533K->11487K(19968K), 0.0002387 secs] [Times: user=0.00 sys=0.00, real=0.00 secs] 
0.819: [GC (Allocation Failure) [PSYoungGen: 64K->64K(6144K)] 11487K->11487K(19968K), 0.0002008 secs] [Times: user=0.00 sys=0.00, real=0.00 secs] 
0.819: [Full GC (Allocation Failure) [PSYoungGen: 64K->0K(6144K)] [ParOldGen: 11423K->11423K(13824K)] 11487K->11423K(19968K), [Metaspace: 4430K->4430K(1056768K)], 0.0029945 secs] [Times: user=0.00 sys=0.00, real=0.00 secs] 
0.822: [GC (Allocation Failure) [PSYoungGen: 0K->0K(6144K)] 11423K->11423K(19968K), 0.0002417 secs] [Times: user=0.00 sys=0.00, real=0.00 secs] 
0.823: [Full GC (Allocation Failure) [PSYoungGen: 0K->0K(6144K)] [ParOldGen: 11423K->1183K(13824K)] 11423K->1183K(19968K), [Metaspace: 4430K->4430K(1056768K)], 0.0020459 secs] [Times: user=0.00 sys=0.00, real=0.00 secs] 
0.825: [GC (Allocation Failure) [PSYoungGen: 109K->32K(6144K)] 11533K->11455K(19968K), 0.0002035 secs] [Times: user=0.00 sys=0.00, real=0.00 secs] 
0.826: [GC (Allocation Failure) [PSYoungGen: 32K->64K(6144K)] 11455K->11487K(19968K), 0.0001891 secs] [Times: user=0.00 sys=0.00, real=0.00 secs] 
0.826: [Full GC (Allocation Failure) [PSYoungGen: 64K->0K(6144K)] [ParOldGen: 11423K->11423K(13824K)] 11487K->11423K(19968K), [Metaspace: 4430K->4430K(1056768K)], 0.0030699 secs] [Times: user=0.14 sys=0.00, real=0.00 secs] 
0.829: [GC (Allocation Failure) [PSYoungGen: 0K->0K(6144K)] 11423K->11423K(19968K), 0.0002148 secs] [Times: user=0.00 sys=0.00, real=0.00 secs] 
0.829: [Full GC (Allocation Failure) [PSYoungGen: 0K->0K(6144K)] [ParOldGen: 11423K->1183K(13824K)] 11423K->1183K(19968K), [Metaspace: 4430K->4430K(1056768K)], 0.0021083 secs] [Times: user=0.00 sys=0.00, real=0.00 secs] 
0.832: [GC (Allocation Failure) [PSYoungGen: 109K->64K(6144K)] 11533K->11487K(19968K), 0.0002275 secs] [Times: user=0.00 sys=0.00, real=0.00 secs] 
0.832: [GC (Allocation Failure) [PSYoungGen: 64K->64K(6144K)] 11487K->11487K(19968K), 0.0002095 secs] [Times: user=0.00 sys=0.00, real=0.00 secs] 
0.832: [Full GC (Allocation Failure) [PSYoungGen: 64K->0K(6144K)] [ParOldGen: 11423K->11423K(13824K)] 11487K->11423K(19968K), [Metaspace: 4431K->4431K(1056768K)], 0.0030416 secs] [Times: user=0.00 sys=0.00, real=0.00 secs] 
0.835: [GC (Allocation Failure) [PSYoungGen: 0K->0K(6144K)] 11423K->11423K(19968K), 0.0002071 secs] [Times: user=0.00 sys=0.00, real=0.00 secs] 
0.836: [Full GC (Allocation Failure) [PSYoungGen: 0K->0K(6144K)] [ParOldGen: 11423K->1183K(13824K)] 11423K->1183K(19968K), [Metaspace: 4431K->4431K(1056768K)], 0.0020585 secs] [Times: user=0.00 sys=0.00, real=0.00 secs] 
0.838: [GC (Allocation Failure) [PSYoungGen: 109K->32K(6144K)] 11533K->11455K(19968K), 0.0001706 secs] [Times: user=0.00 sys=0.00, real=0.00 secs] 
0.838: [GC (Allocation Failure) [PSYoungGen: 32K->32K(6144K)] 11455K->11455K(19968K), 0.0001984 secs] [Times: user=0.00 sys=0.00, real=0.00 secs] 
0.839: [Full GC (Allocation Failure) [PSYoungGen: 32K->0K(6144K)] [ParOldGen: 11423K->11423K(13824K)] 11455K->11423K(19968K), [Metaspace: 4431K->4431K(1056768K)], 0.0028655 secs] [Times: user=0.00 sys=0.00, real=0.00 secs] 
0.842: [GC (Allocation Failure) [PSYoungGen: 0K->0K(6144K)] 11423K->11423K(19968K), 0.0002170 secs] [Times: user=0.00 sys=0.00, real=0.00 secs] 
0.842: [Full GC (Allocation Failure) [PSYoungGen: 0K->0K(6144K)] [ParOldGen: 11423K->1183K(13824K)] 11423K->1183K(19968K), [Metaspace: 4431K->4431K(1056768K)], 0.0020949 secs] [Times: user=0.16 sys=0.00, real=0.00 secs] 
0.844: [GC (Allocation Failure) [PSYoungGen: 109K->64K(6144K)] 11533K->11487K(19968K), 0.0001958 secs] [Times: user=0.00 sys=0.00, real=0.00 secs] 
0.845: [GC (Allocation Failure) [PSYoungGen: 64K->64K(6144K)] 11487K->11487K(19968K), 0.0002051 secs] [Times: user=0.00 sys=0.00, real=0.00 secs] 
0.845: [Full GC (Allocation Failure) [PSYoungGen: 64K->0K(6144K)] [ParOldGen: 11423K->11423K(13824K)] 11487K->11423K(19968K), [Metaspace: 4431K->4431K(1056768K)], 0.0030088 secs] [Times: user=0.00 sys=0.00, real=0.00 secs] 
0.848: [GC (Allocation Failure) [PSYoungGen: 0K->0K(6144K)] 11423K->11423K(19968K), 0.0001990 secs] [Times: user=0.00 sys=0.00, real=0.00 secs] 
0.848: [Full GC (Allocation Failure) [PSYoungGen: 0K->0K(6144K)] [ParOldGen: 11423K->1183K(13824K)] 11423K->1183K(19968K), [Metaspace: 4431K->4431K(1056768K)], 0.0021618 secs] [Times: user=0.00 sys=0.00, real=0.00 secs] 
0.851: [GC (Allocation Failure) [PSYoungGen: 109K->64K(6144K)] 11533K->11487K(19968K), 0.0002348 secs] [Times: user=0.00 sys=0.00, real=0.00 secs] 
0.851: [GC (Allocation Failure) [PSYoungGen: 64K->64K(6144K)] 11487K->11487K(19968K), 0.0002013 secs] [Times: user=0.00 sys=0.00, real=0.00 secs] 
0.851: [Full GC (Allocation Failure) [PSYoungGen: 64K->0K(6144K)] [ParOldGen: 11423K->11423K(13824K)] 11487K->11423K(19968K), [Metaspace: 4431K->4431K(1056768K)], 0.0029667 secs] [Times: user=0.00 sys=0.00, real=0.00 secs] 
0.854: [GC (Allocation Failure) [PSYoungGen: 0K->0K(6144K)] 11423K->11423K(19968K), 0.0002463 secs] [Times: user=0.00 sys=0.00, real=0.00 secs] 
0.855: [Full GC (Allocation Failure) [PSYoungGen: 0K->0K(6144K)] [ParOldGen: 11423K->1183K(13824K)] 11423K->1183K(19968K), [Metaspace: 4431K->4431K(1056768K)], 0.0027286 secs] [Times: user=0.00 sys=0.00, real=0.00 secs] 
0.858: [GC (Allocation Failure) [PSYoungGen: 109K->32K(6144K)] 11533K->11455K(19968K), 0.0002158 secs] [Times: user=0.00 sys=0.00, real=0.00 secs] 
0.858: [GC (Allocation Failure) [PSYoungGen: 32K->64K(6144K)] 11455K->11487K(19968K), 0.0001998 secs] [Times: user=0.00 sys=0.02, real=0.00 secs] 
0.858: [Full GC (Allocation Failure) [PSYoungGen: 64K->0K(6144K)] [ParOldGen: 11423K->11423K(13824K)] 11487K->11423K(19968K), [Metaspace: 4431K->4431K(1056768K)], 0.0030560 secs] [Times: user=0.00 sys=0.00, real=0.00 secs] 
0.862: [GC (Allocation Failure) [PSYoungGen: 0K->0K(6144K)] 11423K->11423K(19968K), 0.0002234 secs] [Times: user=0.00 sys=0.00, real=0.00 secs] 
0.862: [Full GC (Allocation Failure) [PSYoungGen: 0K->0K(6144K)] [ParOldGen: 11423K->1183K(13824K)] 11423K->1183K(19968K), [Metaspace: 4431K->4431K(1056768K)], 0.0022058 secs] [Times: user=0.00 sys=0.00, real=0.00 secs] 
0.865: [GC (Allocation Failure) [PSYoungGen: 109K->64K(6144K)] 11533K->11487K(19968K), 0.0002199 secs] [Times: user=0.00 sys=0.00, real=0.00 secs] 
0.865: [GC (Allocation Failure) [PSYoungGen: 64K->96K(6144K)] 11487K->11519K(19968K), 0.0002069 secs] [Times: user=0.00 sys=0.00, real=0.00 secs] 
0.865: [Full GC (Allocation Failure) [PSYoungGen: 96K->0K(6144K)] [ParOldGen: 11423K->11423K(13824K)] 11519K->11423K(19968K), [Metaspace: 4431K->4431K(1056768K)], 0.0030613 secs] [Times: user=0.00 sys=0.00, real=0.00 secs] 
0.868: [GC (Allocation Failure) [PSYoungGen: 0K->0K(6144K)] 11423K->11423K(19968K), 0.0002187 secs] [Times: user=0.00 sys=0.00, real=0.00 secs] 
0.868: [Full GC (Allocation Failure) [PSYoungGen: 0K->0K(6144K)] [ParOldGen: 11423K->1183K(13824K)] 11423K->1183K(19968K), [Metaspace: 4431K->4431K(1056768K)], 0.0023940 secs] [Times: user=0.00 sys=0.00, real=0.00 secs] 
0.871: [GC (Allocation Failure) [PSYoungGen: 109K->64K(6144K)] 11533K->11487K(19968K), 0.0002283 secs] [Times: user=0.00 sys=0.00, real=0.00 secs] 
0.872: [GC (Allocation Failure) [PSYoungGen: 64K->64K(6144K)] 11487K->11487K(19968K), 0.0002241 secs] [Times: user=0.00 sys=0.00, real=0.00 secs] 
0.872: [Full GC (Allocation Failure) [PSYoungGen: 64K->0K(6144K)] [ParOldGen: 11423K->11423K(13824K)] 11487K->11423K(19968K), [Metaspace: 4431K->4431K(1056768K)], 0.0030409 secs] [Times: user=0.16 sys=0.00, real=0.00 secs] 
0.875: [GC (Allocation Failure) [PSYoungGen: 0K->0K(6144K)] 11423K->11423K(19968K), 0.0001730 secs] [Times: user=0.00 sys=0.00, real=0.00 secs] 
0.875: [Full GC (Allocation Failure) [PSYoungGen: 0K->0K(6144K)] [ParOldGen: 11423K->1183K(13824K)] 11423K->1183K(19968K), [Metaspace: 4431K->4431K(1056768K)], 0.0021725 secs] [Times: user=0.00 sys=0.00, real=0.00 secs] 
0.878: [GC (Allocation Failure) [PSYoungGen: 109K->64K(6144K)] 11533K->11487K(19968K), 0.0002013 secs] [Times: user=0.00 sys=0.00, real=0.00 secs] 
0.878: [GC (Allocation Failure) [PSYoungGen: 64K->64K(6144K)] 11487K->11487K(19968K), 0.0002078 secs] [Times: user=0.00 sys=0.00, real=0.00 secs] 
0.878: [Full GC (Allocation Failure) [PSYoungGen: 64K->0K(6144K)] [ParOldGen: 11423K->11423K(13824K)] 11487K->11423K(19968K), [Metaspace: 4431K->4431K(1056768K)], 0.0028622 secs] [Times: user=0.00 sys=0.00, real=0.00 secs] 
0.881: [GC (Allocation Failure) [PSYoungGen: 0K->0K(6144K)] 11423K->11423K(19968K), 0.0001976 secs] [Times: user=0.00 sys=0.00, real=0.00 secs] 
0.882: [Full GC (Allocation Failure) [PSYoungGen: 0K->0K(6144K)] [ParOldGen: 11423K->1183K(13824K)] 11423K->1183K(19968K), [Metaspace: 4431K->4431K(1056768K)], 0.0020781 secs] [Times: user=0.00 sys=0.00, real=0.00 secs] 
0.884: [GC (Allocation Failure) [PSYoungGen: 109K->64K(6144K)] 11533K->11487K(19968K), 0.0002064 secs] [Times: user=0.00 sys=0.00, real=0.00 secs] 
0.884: [GC (Allocation Failure) [PSYoungGen: 64K->64K(6144K)] 11487K->11487K(19968K), 0.0001604 secs] [Times: user=0.00 sys=0.00, real=0.00 secs] 
0.885: [Full GC (Allocation Failure) [PSYoungGen: 64K->0K(6144K)] [ParOldGen: 11423K->11423K(13824K)] 11487K->11423K(19968K), [Metaspace: 4431K->4431K(1056768K)], 0.0028906 secs] [Times: user=0.00 sys=0.00, real=0.00 secs] 
0.888: [GC (Allocation Failure) [PSYoungGen: 0K->0K(6144K)] 11423K->11423K(19968K), 0.0001815 secs] [Times: user=0.00 sys=0.00, real=0.00 secs] 
0.888: [Full GC (Allocation Failure) [PSYoungGen: 0K->0K(6144K)] [ParOldGen: 11423K->1183K(13824K)] 11423K->1183K(19968K), [Metaspace: 4431K->4431K(1056768K)], 0.0021490 secs] [Times: user=0.02 sys=0.00, real=0.00 secs] 
0.890: [GC (Allocation Failure) [PSYoungGen: 109K->32K(6144K)] 11533K->11455K(19968K), 0.0001760 secs] [Times: user=0.00 sys=0.00, real=0.00 secs] 
0.891: [GC (Allocation Failure) [PSYoungGen: 32K->64K(6144K)] 11455K->11487K(19968K), 0.0001874 secs] [Times: user=0.00 sys=0.00, real=0.00 secs] 
0.891: [Full GC (Allocation Failure) [PSYoungGen: 64K->0K(6144K)] [ParOldGen: 11423K->11423K(13824K)] 11487K->11423K(19968K), [Metaspace: 4431K->4431K(1056768K)], 0.0030398 secs] [Times: user=0.00 sys=0.00, real=0.00 secs] 
0.894: [GC (Allocation Failure) [PSYoungGen: 0K->0K(6144K)] 11423K->11423K(19968K), 0.0001775 secs] [Times: user=0.00 sys=0.00, real=0.00 secs] 
0.894: [Full GC (Allocation Failure) [PSYoungGen: 0K->0K(6144K)] [ParOldGen: 11423K->1183K(13824K)] 11423K->1183K(19968K), [Metaspace: 4431K->4431K(1056768K)], 0.0022003 secs] [Times: user=0.00 sys=0.00, real=0.00 secs] 
0.897: [GC (Allocation Failure) [PSYoungGen: 109K->64K(6144K)] 11533K->11487K(19968K), 0.0002173 secs] [Times: user=0.00 sys=0.00, real=0.00 secs] 
0.897: [GC (Allocation Failure) [PSYoungGen: 64K->64K(6144K)] 11487K->11487K(19968K), 0.0002082 secs] [Times: user=0.00 sys=0.00, real=0.00 secs] 
0.897: [Full GC (Allocation Failure) [PSYoungGen: 64K->0K(6144K)] [ParOldGen: 11423K->11423K(13824K)] 11487K->11423K(19968K), [Metaspace: 4431K->4431K(1056768K)], 0.0028941 secs] [Times: user=0.00 sys=0.00, real=0.00 secs] 
0.900: [GC (Allocation Failure) [PSYoungGen: 0K->0K(6144K)] 11423K->11423K(19968K), 0.0001924 secs] [Times: user=0.00 sys=0.00, real=0.00 secs] 
0.901: [Full GC (Allocation Failure) [PSYoungGen: 0K->0K(6144K)] [ParOldGen: 11423K->1183K(13824K)] 11423K->1183K(19968K), [Metaspace: 4431K->4431K(1056768K)], 0.0022382 secs] [Times: user=0.00 sys=0.00, real=0.00 secs] 
0.904: [GC (Allocation Failure) [PSYoungGen: 109K->64K(6144K)] 11533K->11487K(19968K), 0.0002576 secs] [Times: user=0.00 sys=0.00, real=0.00 secs] 
0.904: [GC (Allocation Failure) [PSYoungGen: 64K->64K(6144K)] 11487K->11487K(19968K), 0.0002641 secs] [Times: user=0.00 sys=0.00, real=0.00 secs] 
0.904: [Full GC (Allocation Failure) [PSYoungGen: 64K->0K(6144K)] [ParOldGen: 11423K->11423K(13824K)] 11487K->11423K(19968K), [Metaspace: 4431K->4431K(1056768K)], 0.0040005 secs] [Times: user=0.01 sys=0.00, real=0.00 secs] 
0.908: [GC (Allocation Failure) [PSYoungGen: 0K->0K(6144K)] 11423K->11423K(19968K), 0.0002704 secs] [Times: user=0.00 sys=0.00, real=0.00 secs] 
0.909: [Full GC (Allocation Failure) [PSYoungGen: 0K->0K(6144K)] [ParOldGen: 11423K->1183K(13824K)] 11423K->1183K(19968K), [Metaspace: 4431K->4431K(1056768K)], 0.0022823 secs] [Times: user=0.00 sys=0.00, real=0.00 secs] 
0.911: [GC (Allocation Failure) [PSYoungGen: 109K->32K(6144K)] 11533K->11455K(19968K), 0.0003821 secs] [Times: user=0.00 sys=0.00, real=0.00 secs] 
0.912: [GC (Allocation Failure) [PSYoungGen: 32K->64K(6144K)] 11455K->11487K(19968K), 0.0003293 secs] [Times: user=0.00 sys=0.00, real=0.00 secs] 
0.912: [Full GC (Allocation Failure) [PSYoungGen: 64K->0K(6144K)] [ParOldGen: 11423K->11423K(13824K)] 11487K->11423K(19968K), [Metaspace: 4431K->4431K(1056768K)], 0.0031050 secs] [Times: user=0.00 sys=0.00, real=0.00 secs] 
0.915: [GC (Allocation Failure) [PSYoungGen: 0K->0K(6144K)] 11423K->11423K(19968K), 0.0001897 secs] [Times: user=0.00 sys=0.00, real=0.00 secs] 
0.916: [Full GC (Allocation Failure) [PSYoungGen: 0K->0K(6144K)] [ParOldGen: 11423K->1183K(13824K)] 11423K->1183K(19968K), [Metaspace: 4431K->4431K(1056768K)], 0.0024287 secs] [Times: user=0.00 sys=0.00, real=0.00 secs] 
0.919: [GC (Allocation Failure) [PSYoungGen: 109K->64K(6144K)] 11533K->11487K(19968K), 0.0003322 secs] [Times: user=0.00 sys=0.00, real=0.00 secs] 
0.919: [GC (Allocation Failure) [PSYoungGen: 64K->32K(6144K)] 11487K->11455K(19968K), 0.0004232 secs] [Times: user=0.00 sys=0.00, real=0.00 secs] 
0.920: [Full GC (Allocation Failure) [PSYoungGen: 32K->0K(6144K)] [ParOldGen: 11423K->11423K(13824K)] 11455K->11423K(19968K), [Metaspace: 4431K->4431K(1056768K)], 0.0034193 secs] [Times: user=0.02 sys=0.00, real=0.00 secs] 
0.923: [GC (Allocation Failure) [PSYoungGen: 0K->0K(6144K)] 11423K->11423K(19968K), 0.0005614 secs] [Times: user=0.00 sys=0.00, real=0.00 secs] 
0.924: [Full GC (Allocation Failure) [PSYoungGen: 0K->0K(6144K)] [ParOldGen: 11423K->1183K(13824K)] 11423K->1183K(19968K), [Metaspace: 4431K->4431K(1056768K)], 0.0024244 secs] [Times: user=0.00 sys=0.00, real=0.00 secs] 
0.927: [GC (Allocation Failure) [PSYoungGen: 109K->32K(6144K)] 11533K->11455K(19968K), 0.0002442 secs] [Times: user=0.00 sys=0.00, real=0.00 secs] 
0.927: [GC (Allocation Failure) [PSYoungGen: 32K->64K(6144K)] 11455K->11487K(19968K), 0.0002012 secs] [Times: user=0.00 sys=0.00, real=0.00 secs] 
0.927: [Full GC (Allocation Failure) [PSYoungGen: 64K->0K(6144K)] [ParOldGen: 11423K->11423K(13824K)] 11487K->11423K(19968K), [Metaspace: 4431K->4431K(1056768K)], 0.0035173 secs] [Times: user=0.00 sys=0.00, real=0.00 secs] 
0.931: [GC (Allocation Failure) [PSYoungGen: 0K->0K(6144K)] 11423K->11423K(19968K), 0.0003353 secs] [Times: user=0.00 sys=0.00, real=0.00 secs] 
0.931: [Full GC (Allocation Failure) [PSYoungGen: 0K->0K(6144K)] [ParOldGen: 11423K->1183K(13824K)] 11423K->1183K(19968K), [Metaspace: 4431K->4431K(1056768K)], 0.0030521 secs] [Times: user=0.00 sys=0.00, real=0.00 secs] 
0.935: [GC (Allocation Failure) [PSYoungGen: 109K->64K(6144K)] 11533K->11487K(19968K), 0.0002099 secs] [Times: user=0.00 sys=0.00, real=0.00 secs] 
0.935: [GC (Allocation Failure) [PSYoungGen: 64K->64K(6144K)] 11487K->11487K(19968K), 0.0002347 secs] [Times: user=0.00 sys=0.00, real=0.00 secs] 
0.935: [Full GC (Allocation Failure) [PSYoungGen: 64K->0K(6144K)] [ParOldGen: 11423K->11423K(13824K)] 11487K->11423K(19968K), [Metaspace: 4431K->4431K(1056768K)], 0.0032946 secs] [Times: user=0.11 sys=0.00, real=0.00 secs] 
0.939: [GC (Allocation Failure) [PSYoungGen: 0K->0K(6144K)] 11423K->11423K(19968K), 0.0002616 secs] [Times: user=0.00 sys=0.00, real=0.00 secs] 
0.939: [Full GC (Allocation Failure) [PSYoungGen: 0K->0K(6144K)] [ParOldGen: 11423K->1183K(13824K)] 11423K->1183K(19968K), [Metaspace: 4431K->4431K(1056768K)], 0.0029624 secs] [Times: user=0.00 sys=0.00, real=0.00 secs] 
0.943: [GC (Allocation Failure) [PSYoungGen: 109K->64K(6144K)] 11533K->11487K(19968K), 0.0004232 secs] [Times: user=0.00 sys=0.00, real=0.00 secs] 
0.943: [GC (Allocation Failure) [PSYoungGen: 64K->32K(6144K)] 11487K->11455K(19968K), 0.0003504 secs] [Times: user=0.00 sys=0.00, real=0.00 secs] 
0.944: [Full GC (Allocation Failure) [PSYoungGen: 32K->0K(6144K)] [ParOldGen: 11423K->11423K(13824K)] 11455K->11423K(19968K), [Metaspace: 4431K->4431K(1056768K)], 0.0041022 secs] [Times: user=0.00 sys=0.00, real=0.00 secs] 
0.948: [GC (Allocation Failure) [PSYoungGen: 0K->0K(6144K)] 11423K->11423K(19968K), 0.0002238 secs] [Times: user=0.00 sys=0.00, real=0.00 secs] 
0.948: [Full GC (Allocation Failure) [PSYoungGen: 0K->0K(6144K)] [ParOldGen: 11423K->1183K(13824K)] 11423K->1183K(19968K), [Metaspace: 4431K->4431K(1056768K)], 0.0025688 secs] [Times: user=0.00 sys=0.00, real=0.00 secs] 
0.951: [GC (Allocation Failure) [PSYoungGen: 109K->64K(6144K)] 11533K->11487K(19968K), 0.0002897 secs] [Times: user=0.00 sys=0.00, real=0.00 secs] 
0.952: [GC (Allocation Failure) [PSYoungGen: 64K->64K(6144K)] 11487K->11487K(19968K), 0.0002458 secs] [Times: user=0.00 sys=0.00, real=0.00 secs] 
0.952: [Full GC (Allocation Failure) [PSYoungGen: 64K->0K(6144K)] [ParOldGen: 11423K->11423K(13824K)] 11487K->11423K(19968K), [Metaspace: 4432K->4432K(1056768K)], 0.0041179 secs] [Times: user=0.00 sys=0.00, real=0.00 secs] 
0.956: [GC (Allocation Failure) [PSYoungGen: 0K->0K(6144K)] 11423K->11423K(19968K), 0.0002526 secs] [Times: user=0.00 sys=0.00, real=0.00 secs] 
0.957: [Full GC (Allocation Failure) [PSYoungGen: 0K->0K(6144K)] [ParOldGen: 11423K->1183K(13824K)] 11423K->1183K(19968K), [Metaspace: 4432K->4432K(1056768K)], 0.0024018 secs] [Times: user=0.00 sys=0.00, real=0.00 secs] 
0.960: [GC (Allocation Failure) [PSYoungGen: 109K->64K(6144K)] 11533K->11487K(19968K), 0.0005075 secs] [Times: user=0.00 sys=0.00, real=0.00 secs] 
0.960: [GC (Allocation Failure) [PSYoungGen: 64K->32K(6144K)] 11487K->11455K(19968K), 0.0002574 secs] [Times: user=0.00 sys=0.00, real=0.00 secs] 
0.961: [Full GC (Allocation Failure) [PSYoungGen: 32K->0K(6144K)] [ParOldGen: 11423K->11423K(13824K)] 11455K->11423K(19968K), [Metaspace: 4433K->4433K(1056768K)], 0.0039694 secs] [Times: user=0.00 sys=0.00, real=0.00 secs] 
0.965: [GC (Allocation Failure) [PSYoungGen: 0K->0K(6144K)] 11423K->11423K(19968K), 0.0003878 secs] [Times: user=0.00 sys=0.00, real=0.00 secs] 
0.965: [Full GC (Allocation Failure) [PSYoungGen: 0K->0K(6144K)] [ParOldGen: 11423K->1183K(13824K)] 11423K->1183K(19968K), [Metaspace: 4433K->4433K(1056768K)], 0.0030763 secs] [Times: user=0.13 sys=0.00, real=0.00 secs] 
0.969: [GC (Allocation Failure) [PSYoungGen: 109K->64K(6144K)] 11533K->11487K(19968K), 0.0002819 secs] [Times: user=0.00 sys=0.00, real=0.00 secs] 
0.969: [GC (Allocation Failure) [PSYoungGen: 64K->64K(6144K)] 11487K->11487K(19968K), 0.0002622 secs] [Times: user=0.00 sys=0.00, real=0.00 secs] 
0.970: [Full GC (Allocation Failure) [PSYoungGen: 64K->0K(6144K)] [ParOldGen: 11423K->11423K(13824K)] 11487K->11423K(19968K), [Metaspace: 4433K->4433K(1056768K)], 0.0038468 secs] [Times: user=0.00 sys=0.00, real=0.00 secs] 
0.973: [GC (Allocation Failure) [PSYoungGen: 0K->0K(6144K)] 11423K->11423K(19968K), 0.0003886 secs] [Times: user=0.00 sys=0.00, real=0.00 secs] 
0.974: [Full GC (Allocation Failure) [PSYoungGen: 0K->0K(6144K)] [ParOldGen: 11423K->1183K(13824K)] 11423K->1183K(19968K), [Metaspace: 4433K->4433K(1056768K)], 0.0031074 secs] [Times: user=0.00 sys=0.00, real=0.00 secs] 
0.978: [GC (Allocation Failure) [PSYoungGen: 109K->64K(6144K)] 11533K->11487K(19968K), 0.0003470 secs] [Times: user=0.00 sys=0.00, real=0.00 secs] 
0.978: [GC (Allocation Failure) [PSYoungGen: 64K->32K(6144K)] 11487K->11455K(19968K), 0.0002927 secs] [Times: user=0.00 sys=0.00, real=0.00 secs] 
0.979: [Full GC (Allocation Failure) [PSYoungGen: 32K->0K(6144K)] [ParOldGen: 11423K->11423K(13824K)] 11455K->11423K(19968K), [Metaspace: 4433K->4433K(1056768K)], 0.0044567 secs] [Times: user=0.02 sys=0.00, real=0.01 secs] 
0.983: [GC (Allocation Failure) [PSYoungGen: 0K->0K(6144K)] 11423K->11423K(19968K), 0.0003066 secs] [Times: user=0.00 sys=0.00, real=0.00 secs] 
0.983: [Full GC (Allocation Failure) [PSYoungGen: 0K->0K(6144K)] [ParOldGen: 11423K->1183K(13824K)] 11423K->1183K(19968K), [Metaspace: 4433K->4433K(1056768K)], 0.0030753 secs] [Times: user=0.00 sys=0.00, real=0.00 secs] 
0.987: [GC (Allocation Failure) [PSYoungGen: 109K->64K(6144K)] 11533K->11487K(19968K), 0.0003392 secs] [Times: user=0.00 sys=0.00, real=0.00 secs] 
0.988: [GC (Allocation Failure) [PSYoungGen: 64K->64K(6144K)] 11487K->11487K(19968K), 0.0002927 secs] [Times: user=0.00 sys=0.00, real=0.00 secs] 
0.988: [Full GC (Allocation Failure) [PSYoungGen: 64K->0K(6144K)] [ParOldGen: 11423K->11423K(13824K)] 11487K->11423K(19968K), [Metaspace: 4433K->4433K(1056768K)], 0.0044451 secs] [Times: user=0.00 sys=0.00, real=0.00 secs] 
0.993: [GC (Allocation Failure) [PSYoungGen: 0K->0K(6144K)] 11423K->11423K(19968K), 0.0002842 secs] [Times: user=0.00 sys=0.00, real=0.00 secs] 
0.993: [Full GC (Allocation Failure) [PSYoungGen: 0K->0K(6144K)] [ParOldGen: 11423K->1183K(13824K)] 11423K->1183K(19968K), [Metaspace: 4433K->4433K(1056768K)], 0.0030031 secs] [Times: user=0.00 sys=0.00, real=0.00 secs] 
0.997: [GC (Allocation Failure) [PSYoungGen: 109K->64K(6144K)] 11533K->11487K(19968K), 0.0002954 secs] [Times: user=0.00 sys=0.00, real=0.00 secs] 
0.997: [GC (Allocation Failure) [PSYoungGen: 64K->64K(6144K)] 11487K->11487K(19968K), 0.0002299 secs] [Times: user=0.00 sys=0.00, real=0.00 secs] 
0.997: [Full GC (Allocation Failure) [PSYoungGen: 64K->0K(6144K)] [ParOldGen: 11423K->11423K(13824K)] 11487K->11423K(19968K), [Metaspace: 4433K->4433K(1056768K)], 0.0042139 secs] [Times: user=0.02 sys=0.00, real=0.00 secs] 
1.002: [GC (Allocation Failure) [PSYoungGen: 0K->0K(6144K)] 11423K->11423K(19968K), 0.0003485 secs] [Times: user=0.00 sys=0.00, real=0.00 secs] 
1.002: [Full GC (Allocation Failure) [PSYoungGen: 0K->0K(6144K)] [ParOldGen: 11423K->1183K(13824K)] 11423K->1183K(19968K), [Metaspace: 4433K->4433K(1056768K)], 0.0032079 secs] [Times: user=0.00 sys=0.00, real=0.00 secs] 
1.006: [GC (Allocation Failure) [PSYoungGen: 109K->64K(6144K)] 11533K->11487K(19968K), 0.0002976 secs] [Times: user=0.00 sys=0.00, real=0.00 secs] 
1.006: [GC (Allocation Failure) [PSYoungGen: 64K->32K(6144K)] 11487K->11455K(19968K), 0.0002412 secs] [Times: user=0.00 sys=0.00, real=0.00 secs] 
1.007: [Full GC (Allocation Failure) [PSYoungGen: 32K->0K(6144K)] [ParOldGen: 11423K->11423K(13824K)] 11455K->11423K(19968K), [Metaspace: 4435K->4435K(1056768K)], 0.0040425 secs] [Times: user=0.00 sys=0.00, real=0.00 secs] 
1.011: [GC (Allocation Failure) [PSYoungGen: 0K->0K(6144K)] 11423K->11423K(19968K), 0.0002614 secs] [Times: user=0.00 sys=0.00, real=0.00 secs] 
1.011: [Full GC (Allocation Failure) [PSYoungGen: 0K->0K(6144K)] [ParOldGen: 11423K->1183K(13824K)] 11423K->1183K(19968K), [Metaspace: 4435K->4435K(1056768K)], 0.0024298 secs] [Times: user=0.00 sys=0.00, real=0.00 secs] 
Heap
 PSYoungGen      total 6144K, used 222K [0x00000000ff980000, 0x0000000100000000, 0x0000000100000000)
  eden space 5632K, 3% used [0x00000000ff980000,0x00000000ff9b7968,0x00000000fff00000)
  from space 512K, 0% used [0x00000000fff00000,0x00000000fff00000,0x00000000fff80000)
  to   space 512K, 0% used [0x00000000fff80000,0x00000000fff80000,0x0000000100000000)
 ParOldGen       total 13824K, used 11423K [0x00000000fec00000, 0x00000000ff980000, 0x00000000ff980000)
  object space 13824K, 82% used [0x00000000fec00000,0x00000000ff727fb0,0x00000000ff980000)
 Metaspace       used 4447K, capacity 4772K, committed 4992K, reserved 1056768K
  class space    used 489K, capacity 529K, committed 640K, reserved 1048576K
